[yo@neonlight lbfgsfortran]$ make
gfortran -g DriverRosenbrockNonSmooth.f90 lbfgsb.f linpack.f blas.f timer.f -o rosenbrocknonsmooth
gfortran -g Driveryurirosen_ns1.f90 lbfgsb.f linpack.f blas.f timer.f -o yurirosen_ns1
gfortran -g Driveryurirosen_ns2.f90 lbfgsb.f linpack.f blas.f timer.f -o yurirosen_ns2
gfortran -g driver3.f90 lbfgsb.f linpack.f blas.f timer.f -o driver3
gfortran -g chained_CB3v1.f90 lbfgsb.f linpack.f blas.f timer.f -o chained_CB3v1
gfortran -g chained_CB3v2.f90 lbfgsb.f linpack.f blas.f timer.f -o chained_CB3v2
gfortran -g chained_crescent1.f90 lbfgsb.f linpack.f blas.f timer.f -o chained_crescent1
gfortran -g chained_crescent2.f90 lbfgsb.f linpack.f blas.f timer.f -o chained_crescent2
gfortran -g chained_LQ.f90 lbfgsb.f linpack.f blas.f timer.f -o chained_LQ
gfortran -g chained_mifflin2.f90 lbfgsb.f linpack.f blas.f timer.f -o chained_mifflin2
gfortran -g gen_brownfunc2.f90 lbfgsb.f linpack.f blas.f timer.f -o gen_brownfunc2
gfortran -g gen_maxhilb.f90 lbfgsb.f linpack.f blas.f timer.f -o gen_maxhilb
gfortran -g gen_maxq.f90 lbfgsb.f linpack.f blas.f timer.f -o gen_maxq
gfortran -g nactfaces.f90 lbfgsb.f linpack.f blas.f timer.f -o nactfaces
gfortran -g Driveryurirosen_ns1_p.f90 lbfgsb.f linpack.f blas.f timer.f -o yurirosenp
[yo@neonlight lbfgsfortran]$ ./yurirosenp
At line 85 of file Driveryurirosen_ns1_p.f90
Fortran runtime error: End of file
[yo@neonlight lbfgsfortran]$ ./yurirosenp 7 10 1.5
At line 91 of file Driveryurirosen_ns1_p.f90
Fortran runtime error: Bad integer for item 1 in list input
[yo@neonlight lbfgsfortran]$ make
gfortran -g DriverRosenbrockNonSmooth.f90 lbfgsb.f linpack.f blas.f timer.f -o rosenbrocknonsmooth
gfortran -g Driveryurirosen_ns1.f90 lbfgsb.f linpack.f blas.f timer.f -o yurirosen_ns1
gfortran -g Driveryurirosen_ns2.f90 lbfgsb.f linpack.f blas.f timer.f -o yurirosen_ns2
gfortran -g driver3.f90 lbfgsb.f linpack.f blas.f timer.f -o driver3
gfortran -g chained_CB3v1.f90 lbfgsb.f linpack.f blas.f timer.f -o chained_CB3v1
gfortran -g chained_CB3v2.f90 lbfgsb.f linpack.f blas.f timer.f -o chained_CB3v2
gfortran -g chained_crescent1.f90 lbfgsb.f linpack.f blas.f timer.f -o chained_crescent1
gfortran -g chained_crescent2.f90 lbfgsb.f linpack.f blas.f timer.f -o chained_crescent2
gfortran -g chained_LQ.f90 lbfgsb.f linpack.f blas.f timer.f -o chained_LQ
gfortran -g chained_mifflin2.f90 lbfgsb.f linpack.f blas.f timer.f -o chained_mifflin2
gfortran -g gen_brownfunc2.f90 lbfgsb.f linpack.f blas.f timer.f -o gen_brownfunc2
gfortran -g gen_maxhilb.f90 lbfgsb.f linpack.f blas.f timer.f -o gen_maxhilb
gfortran -g gen_maxq.f90 lbfgsb.f linpack.f blas.f timer.f -o gen_maxq
gfortran -g nactfaces.f90 lbfgsb.f linpack.f blas.f timer.f -o nactfaces
gfortran -g Driveryurirosen_ns1_p.f90 lbfgsb.f linpack.f blas.f timer.f -o yurirosenp
[yo@neonlight lbfgsfortran]$ ./yurirosenp 7 10 1.5

     Solving sample problem.
      (f = 0.0 at the optimal solution.)

Iterate    1    nfg =    3    f = 9.03562D+00    |proj g| = 5.57500D+00
Iterate    2    nfg =    4    f = 6.79608D+00    |proj g| = 4.16312D+00
Iterate    3    nfg =    8    f = 6.24330D+00    |proj g| = 4.54977D+00
Iterate    4    nfg =   11    f = 6.23911D+00    |proj g| = 4.46364D+00
Iterate    5    nfg =   12    f = 5.77012D+00    |proj g| = 4.27773D+00
Iterate    6    nfg =   14    f = 5.48027D+00    |proj g| = 4.05589D+00
Iterate    7    nfg =   21    f = 5.47707D+00    |proj g| = 3.44022D+00
Iterate    8    nfg =   28    f = 5.47424D+00    |proj g| = 4.46525D+00
Iterate    9    nfg =   29    f = 5.40212D+00    |proj g| = 3.50286D+00
Iterate   10    nfg =   35    f = 5.37700D+00    |proj g| = 3.40758D+00
Iterate   11    nfg =   37    f = 5.36974D+00    |proj g| = 4.04886D+00
Iterate   12    nfg =   46    f = 5.36940D+00    |proj g| = 4.04887D+00
Iterate   13    nfg =   47    f = 5.36649D+00    |proj g| = 3.39731D+00
Iterate   14    nfg =   49    f = 5.36495D+00    |proj g| = 3.39716D+00
Iterate   15    nfg =   51    f = 5.36440D+00    |proj g| = 4.46413D+00
Iterate   16    nfg =   55    f = 5.36432D+00    |proj g| = 4.46411D+00
Iterate   17    nfg =   61    f = 5.36430D+00    |proj g| = 4.04660D+00
Iterate   18    nfg =   63    f = 5.36427D+00    |proj g| = 3.39720D+00
Iterate   19    nfg =   64    f = 5.36422D+00    |proj g| = 4.46410D+00
Iterate   20    nfg =   71    f = 5.36421D+00    |proj g| = 4.46410D+00
Iterate   21    nfg =   73    f = 5.36421D+00    |proj g| = 4.46410D+00
Iterate   22    nfg =   76    f = 5.36420D+00    |proj g| = 3.39712D+00
Iterate   23    nfg =   77    f = 5.36420D+00    |proj g| = 3.53109D+00
Iterate   24    nfg =   80    f = 5.36420D+00    |proj g| = 4.46410D+00
Iterate   25    nfg =   86    f = 5.36420D+00    |proj g| = 4.46410D+00
Iterate   26    nfg =   87    f = 5.36420D+00    |proj g| = 4.46410D+00
Iterate   27    nfg =   88    f = 5.36420D+00    |proj g| = 3.39711D+00
Iterate   28    nfg =   92    f = 5.36420D+00    |proj g| = 3.53109D+00
Iterate   29    nfg =   95    f = 5.36420D+00    |proj g| = 4.04654D+00
Iterate   30    nfg =   96    f = 5.36420D+00    |proj g| = 3.39711D+00
Iterate   31    nfg =   99    f = 5.36420D+00    |proj g| = 4.46410D+00
Iterate   32    nfg =  100    f = 5.36420D+00    |proj g| = 3.53109D+00
Iterate   33    nfg =  102    f = 5.36420D+00    |proj g| = 3.53109D+00
Iterate   34    nfg =  103    f = 5.36420D+00    |proj g| = 4.46410D+00
Iterate   35    nfg =  112    f = 5.36420D+00    |proj g| = 4.46410D+00
Iterate   36    nfg =  114    f = 5.36420D+00    |proj g| = 3.39711D+00
Iterate   37    nfg =  120    f = 5.36420D+00    |proj g| = 4.04654D+00
Iterate   38    nfg =  121    f = 5.36420D+00    |proj g| = 3.53109D+00
Iterate   39    nfg =  127    f = 5.36420D+00    |proj g| = 4.46410D+00
Iterate   40    nfg =  128    f = 5.36420D+00    |proj g| = 3.53109D+00
Iterate   41    nfg =  129    f = 5.36420D+00    |proj g| = 3.39711D+00
Iterate   42    nfg =  132    f = 5.36420D+00    |proj g| = 4.46410D+00
Iterate   43    nfg =  134    f = 5.36420D+00    |proj g| = 3.39711D+00
Iterate   44    nfg =  136    f = 5.36420D+00    |proj g| = 3.39711D+00
Iterate   45    nfg =  174    f = 5.36420D+00    |proj g| = 3.53109D+00
Iterate   46    nfg =  202    f = 5.36420D+00    |proj g| = 4.46410D+00
Iterate   47    nfg =  205    f = 5.36420D+00    |proj g| = 3.53109D+00
Iterate   48    nfg =  212    f = 5.36420D+00    |proj g| = 4.04654D+00
Iterate   49    nfg =  213    f = 5.36420D+00    |proj g| = 3.39711D+00
Iterate   50    nfg =  214    f = 5.36420D+00    |proj g| = 4.46410D+00
Iterate   51    nfg =  215    f = 5.36420D+00    |proj g| = 3.39711D+00
Iterate   52    nfg =  216    f = 5.36420D+00    |proj g| = 4.04654D+00
Iterate   53    nfg =  224    f = 5.36420D+00    |proj g| = 4.04654D+00
Iterate   54    nfg =  225    f = 5.36420D+00    |proj g| = 4.46410D+00
Iterate   55    nfg =  226    f = 5.36420D+00    |proj g| = 4.46410D+00
Iterate   56    nfg =  232    f = 5.36420D+00    |proj g| = 4.04654D+00
Iterate   57    nfg =  233    f = 5.36420D+00    |proj g| = 4.46410D+00
Iterate   58    nfg =  234    f = 5.36420D+00    |proj g| = 4.04654D+00
Iterate   59    nfg =  235    f = 5.36420D+00    |proj g| = 3.53109D+00
Iterate   60    nfg =  236    f = 5.36420D+00    |proj g| = 3.39711D+00
Iterate   61    nfg =  237    f = 5.36420D+00    |proj g| = 4.46410D+00
Iterate   62    nfg =  239    f = 5.36420D+00    |proj g| = 4.46410D+00
Iterate   63    nfg =  284    f = 5.36420D+00    |proj g| = 4.46410D+00
  Positive dir derivative in projection 
  Using the backtracking step 
Iterate   64    nfg =  285    f = 5.32430D+00    |proj g| = 4.46521D+00
Iterate   65    nfg =  291    f = 5.32325D+00    |proj g| = 4.46532D+00
Iterate   66    nfg =  292    f = 5.31601D+00    |proj g| = 3.40050D+00
Iterate   67    nfg =  293    f = 5.31546D+00    |proj g| = 3.83047D+00
Iterate   68    nfg =  302    f = 5.31459D+00    |proj g| = 3.40016D+00
Iterate   69    nfg =  304    f = 5.31095D+00    |proj g| = 3.39733D+00
Iterate   70    nfg =  318    f = 5.31078D+00    |proj g| = 3.82844D+00
Iterate   71    nfg =  335    f = 5.31078D+00    |proj g| = 3.53020D+00
Iterate   72    nfg =  342    f = 5.31071D+00    |proj g| = 4.46439D+00
Iterate   73    nfg =  343    f = 5.30993D+00    |proj g| = 3.53098D+00
Iterate   74    nfg =  345    f = 5.30985D+00    |proj g| = 3.39719D+00
Iterate   75    nfg =  350    f = 5.30980D+00    |proj g| = 4.46413D+00
Iterate   76    nfg =  351    f = 5.30976D+00    |proj g| = 3.82843D+00
Iterate   77    nfg =  352    f = 5.30971D+00    |proj g| = 3.39713D+00
Iterate   78    nfg =  354    f = 5.30971D+00    |proj g| = 4.46411D+00
Iterate   79    nfg =  355    f = 5.30970D+00    |proj g| = 3.53107D+00
Iterate   80    nfg =  356    f = 5.30968D+00    |proj g| = 3.82843D+00
Iterate   81    nfg =  364    f = 5.30968D+00    |proj g| = 3.82843D+00
Iterate   82    nfg =  367    f = 5.30967D+00    |proj g| = 4.46410D+00
Iterate   83    nfg =  368    f = 5.30967D+00    |proj g| = 3.53109D+00
Iterate   84    nfg =  369    f = 5.30967D+00    |proj g| = 3.39711D+00
Iterate   85    nfg =  373    f = 5.30967D+00    |proj g| = 3.82843D+00
Iterate   86    nfg =  382    f = 5.30967D+00    |proj g| = 4.46410D+00
Iterate   87    nfg =  383    f = 5.30967D+00    |proj g| = 3.39711D+00
Iterate   88    nfg =  386    f = 5.30967D+00    |proj g| = 3.53109D+00
Iterate   89    nfg =  387    f = 5.30967D+00    |proj g| = 3.39711D+00
Iterate   90    nfg =  392    f = 5.30967D+00    |proj g| = 4.46410D+00
Iterate   91    nfg =  393    f = 5.30967D+00    |proj g| = 3.53109D+00
Iterate   92    nfg =  394    f = 5.30967D+00    |proj g| = 4.46410D+00
Iterate   93    nfg =  398    f = 5.30967D+00    |proj g| = 3.39711D+00
Iterate   94    nfg =  401    f = 5.30967D+00    |proj g| = 3.82843D+00
Iterate   95    nfg =  402    f = 5.30967D+00    |proj g| = 3.39711D+00
Iterate   96    nfg =  408    f = 5.30967D+00    |proj g| = 4.46410D+00
Iterate   97    nfg =  409    f = 5.30967D+00    |proj g| = 3.39711D+00
Iterate   98    nfg =  412    f = 5.30967D+00    |proj g| = 3.53109D+00
Iterate   99    nfg =  420    f = 5.30967D+00    |proj g| = 3.82843D+00
Iterate  100    nfg =  421    f = 5.30967D+00    |proj g| = 3.39711D+00
Iterate  101    nfg =  423    f = 5.30967D+00    |proj g| = 3.39711D+00
Iterate  102    nfg =  424    f = 5.30967D+00    |proj g| = 4.46410D+00
Iterate  103    nfg =  425    f = 5.30967D+00    |proj g| = 3.53109D+00
Iterate  104    nfg =  432    f = 5.30967D+00    |proj g| = 3.82843D+00
Iterate  105    nfg =  433    f = 5.30967D+00    |proj g| = 4.46410D+00
Iterate  106    nfg =  437    f = 5.30967D+00    |proj g| = 4.46410D+00
Iterate  107    nfg =  438    f = 5.30967D+00    |proj g| = 3.53109D+00
Iterate  108    nfg =  439    f = 5.30967D+00    |proj g| = 4.46410D+00
Iterate  109    nfg =  440    f = 5.30967D+00    |proj g| = 3.53109D+00
Iterate  110    nfg =  442    f = 5.30967D+00    |proj g| = 3.39711D+00
Iterate  111    nfg =  445    f = 5.30967D+00    |proj g| = 4.46410D+00
Iterate  112    nfg =  446    f = 5.30967D+00    |proj g| = 3.39711D+00
Iterate  113    nfg =  448    f = 5.30967D+00    |proj g| = 3.53109D+00
Iterate  114    nfg =  450    f = 5.30967D+00    |proj g| = 4.46410D+00
Iterate  115    nfg =  453    f = 5.30967D+00    |proj g| = 4.46410D+00
Iterate  116    nfg =  454    f = 5.30967D+00    |proj g| = 3.39711D+00
Iterate  117    nfg =  456    f = 5.30967D+00    |proj g| = 3.39711D+00
Iterate  118    nfg =  459    f = 5.30967D+00    |proj g| = 3.82843D+00
Iterate  119    nfg =  467    f = 5.30967D+00    |proj g| = 4.46410D+00
Iterate  120    nfg =  475    f = 5.30967D+00    |proj g| = 4.46410D+00
Iterate  121    nfg =  479    f = 5.30967D+00    |proj g| = 4.46410D+00
 CONVERGENCE: REL_REDUCTION_OF_F_<=_FACTR*EPSMCH             
tol is = 0.000000
ddum is = 5.309670
 Final X=
   8.6603D-01  5.0000D-01  8.6603D-01  5.0000D-01  8.6603D-01  5.0000D-01
   8.6603D-01  5.0000D-01  7.0711D-01  4.5424D-08
 Final derivative vector=
   3.3971D+00 -3.0000D+00  4.4641D+00 -3.0000D+00  4.4641D+00 -3.0000D+00
   4.4641D+00 -3.0000D+00 -1.8284D+00  1.0000D+00
 CONVERGENCE: REL_REDUCTION_OF_F_<=_FACTR*EPSMCH             
 Final X=
   8.6603D-01  5.0000D-01  8.6603D-01  5.0000D-01  8.6603D-01  5.0000D-01
   8.6603D-01  5.0000D-01  7.0711D-01  4.5424D-08
[yo@neonlight lbfgsfortran] gfortran -g Driveryurirosen_ns1_p.f90 lbfgsb.f linpack.f blas.f timer.f -o yurirosenp
[yo@neonlight lbfgsfortran]$ ./yurirosenp 7 10 1.5

     Solving sample problem.
      (f = 0.0 at the optimal solution.)

RUNNING THE L-BFGS-B CODE

           * * *

Machine precision = 2.220D-16
 N =           10     M =            7
Iterate    1    nfg =    3    f = 9.03562D+00    |proj g| = 5.57500D+00
Iterate    2    nfg =    4    f = 6.79608D+00    |proj g| = 4.16312D+00
Iterate    3    nfg =    8    f = 6.24330D+00    |proj g| = 4.54977D+00
Iterate    4    nfg =   11    f = 6.23911D+00    |proj g| = 4.46364D+00
Iterate    5    nfg =   12    f = 5.77012D+00    |proj g| = 4.27773D+00
Iterate    6    nfg =   14    f = 5.48027D+00    |proj g| = 4.05589D+00
Iterate    7    nfg =   21    f = 5.47707D+00    |proj g| = 3.44022D+00
Iterate    8    nfg =   28    f = 5.47424D+00    |proj g| = 4.46525D+00
Iterate    9    nfg =   29    f = 5.40212D+00    |proj g| = 3.50286D+00
Iterate   10    nfg =   35    f = 5.37700D+00    |proj g| = 3.40758D+00
Iterate   11    nfg =   37    f = 5.36974D+00    |proj g| = 4.04886D+00
Iterate   12    nfg =   46    f = 5.36940D+00    |proj g| = 4.04887D+00
Iterate   13    nfg =   47    f = 5.36649D+00    |proj g| = 3.39731D+00
Iterate   14    nfg =   49    f = 5.36495D+00    |proj g| = 3.39716D+00
Iterate   15    nfg =   51    f = 5.36440D+00    |proj g| = 4.46413D+00
Iterate   16    nfg =   55    f = 5.36432D+00    |proj g| = 4.46411D+00
Iterate   17    nfg =   61    f = 5.36430D+00    |proj g| = 4.04660D+00
Iterate   18    nfg =   63    f = 5.36427D+00    |proj g| = 3.39720D+00
Iterate   19    nfg =   64    f = 5.36422D+00    |proj g| = 4.46410D+00
Iterate   20    nfg =   71    f = 5.36421D+00    |proj g| = 4.46410D+00
Iterate   21    nfg =   73    f = 5.36421D+00    |proj g| = 4.46410D+00
Iterate   22    nfg =   76    f = 5.36420D+00    |proj g| = 3.39712D+00
Iterate   23    nfg =   77    f = 5.36420D+00    |proj g| = 3.53109D+00
Iterate   24    nfg =   80    f = 5.36420D+00    |proj g| = 4.46410D+00
Iterate   25    nfg =   86    f = 5.36420D+00    |proj g| = 4.46410D+00
Iterate   26    nfg =   87    f = 5.36420D+00    |proj g| = 4.46410D+00
Iterate   27    nfg =   88    f = 5.36420D+00    |proj g| = 3.39711D+00
Iterate   28    nfg =   92    f = 5.36420D+00    |proj g| = 3.53109D+00
Iterate   29    nfg =   95    f = 5.36420D+00    |proj g| = 4.04654D+00
Iterate   30    nfg =   96    f = 5.36420D+00    |proj g| = 3.39711D+00
Iterate   31    nfg =   99    f = 5.36420D+00    |proj g| = 4.46410D+00
Iterate   32    nfg =  100    f = 5.36420D+00    |proj g| = 3.53109D+00
Iterate   33    nfg =  102    f = 5.36420D+00    |proj g| = 3.53109D+00
Iterate   34    nfg =  103    f = 5.36420D+00    |proj g| = 4.46410D+00
Iterate   35    nfg =  112    f = 5.36420D+00    |proj g| = 4.46410D+00
Iterate   36    nfg =  114    f = 5.36420D+00    |proj g| = 3.39711D+00
Iterate   37    nfg =  120    f = 5.36420D+00    |proj g| = 4.04654D+00
Iterate   38    nfg =  121    f = 5.36420D+00    |proj g| = 3.53109D+00
Iterate   39    nfg =  127    f = 5.36420D+00    |proj g| = 4.46410D+00
Iterate   40    nfg =  128    f = 5.36420D+00    |proj g| = 3.53109D+00
Iterate   41    nfg =  129    f = 5.36420D+00    |proj g| = 3.39711D+00
Iterate   42    nfg =  132    f = 5.36420D+00    |proj g| = 4.46410D+00
Iterate   43    nfg =  134    f = 5.36420D+00    |proj g| = 3.39711D+00
Iterate   44    nfg =  136    f = 5.36420D+00    |proj g| = 3.39711D+00
Iterate   45    nfg =  174    f = 5.36420D+00    |proj g| = 3.53109D+00
Iterate   46    nfg =  202    f = 5.36420D+00    |proj g| = 4.46410D+00
Iterate   47    nfg =  205    f = 5.36420D+00    |proj g| = 3.53109D+00
Iterate   48    nfg =  212    f = 5.36420D+00    |proj g| = 4.04654D+00
Iterate   49    nfg =  213    f = 5.36420D+00    |proj g| = 3.39711D+00
Iterate   50    nfg =  214    f = 5.36420D+00    |proj g| = 4.46410D+00
Iterate   51    nfg =  215    f = 5.36420D+00    |proj g| = 3.39711D+00
Iterate   52    nfg =  216    f = 5.36420D+00    |proj g| = 4.04654D+00
Iterate   53    nfg =  224    f = 5.36420D+00    |proj g| = 4.04654D+00
Iterate   54    nfg =  225    f = 5.36420D+00    |proj g| = 4.46410D+00
Iterate   55    nfg =  226    f = 5.36420D+00    |proj g| = 4.46410D+00
Iterate   56    nfg =  232    f = 5.36420D+00    |proj g| = 4.04654D+00
Iterate   57    nfg =  233    f = 5.36420D+00    |proj g| = 4.46410D+00
Iterate   58    nfg =  234    f = 5.36420D+00    |proj g| = 4.04654D+00
Iterate   59    nfg =  235    f = 5.36420D+00    |proj g| = 3.53109D+00
Iterate   60    nfg =  236    f = 5.36420D+00    |proj g| = 3.39711D+00
Iterate   61    nfg =  237    f = 5.36420D+00    |proj g| = 4.46410D+00
Iterate   62    nfg =  239    f = 5.36420D+00    |proj g| = 4.46410D+00
Iterate   63    nfg =  284    f = 5.36420D+00    |proj g| = 4.46410D+00
  Positive dir derivative in projection 
  Using the backtracking step 
Iterate   64    nfg =  285    f = 5.32430D+00    |proj g| = 4.46521D+00
Iterate   65    nfg =  291    f = 5.32325D+00    |proj g| = 4.46532D+00
Iterate   66    nfg =  292    f = 5.31601D+00    |proj g| = 3.40050D+00
Iterate   67    nfg =  293    f = 5.31546D+00    |proj g| = 3.83047D+00
Iterate   68    nfg =  302    f = 5.31459D+00    |proj g| = 3.40016D+00
Iterate   69    nfg =  304    f = 5.31095D+00    |proj g| = 3.39733D+00
Iterate   70    nfg =  318    f = 5.31078D+00    |proj g| = 3.82844D+00
Iterate   71    nfg =  335    f = 5.31078D+00    |proj g| = 3.53020D+00
Iterate   72    nfg =  342    f = 5.31071D+00    |proj g| = 4.46439D+00
Iterate   73    nfg =  343    f = 5.30993D+00    |proj g| = 3.53098D+00
Iterate   74    nfg =  345    f = 5.30985D+00    |proj g| = 3.39719D+00
Iterate   75    nfg =  350    f = 5.30980D+00    |proj g| = 4.46413D+00
Iterate   76    nfg =  351    f = 5.30976D+00    |proj g| = 3.82843D+00
Iterate   77    nfg =  352    f = 5.30971D+00    |proj g| = 3.39713D+00
Iterate   78    nfg =  354    f = 5.30971D+00    |proj g| = 4.46411D+00
Iterate   79    nfg =  355    f = 5.30970D+00    |proj g| = 3.53107D+00
Iterate   80    nfg =  356    f = 5.30968D+00    |proj g| = 3.82843D+00
Iterate   81    nfg =  364    f = 5.30968D+00    |proj g| = 3.82843D+00
Iterate   82    nfg =  367    f = 5.30967D+00    |proj g| = 4.46410D+00
Iterate   83    nfg =  368    f = 5.30967D+00    |proj g| = 3.53109D+00
Iterate   84    nfg =  369    f = 5.30967D+00    |proj g| = 3.39711D+00
Iterate   85    nfg =  373    f = 5.30967D+00    |proj g| = 3.82843D+00
Iterate   86    nfg =  382    f = 5.30967D+00    |proj g| = 4.46410D+00
Iterate   87    nfg =  383    f = 5.30967D+00    |proj g| = 3.39711D+00
Iterate   88    nfg =  386    f = 5.30967D+00    |proj g| = 3.53109D+00
Iterate   89    nfg =  387    f = 5.30967D+00    |proj g| = 3.39711D+00
Iterate   90    nfg =  392    f = 5.30967D+00    |proj g| = 4.46410D+00
Iterate   91    nfg =  393    f = 5.30967D+00    |proj g| = 3.53109D+00
Iterate   92    nfg =  394    f = 5.30967D+00    |proj g| = 4.46410D+00
Iterate   93    nfg =  398    f = 5.30967D+00    |proj g| = 3.39711D+00
Iterate   94    nfg =  401    f = 5.30967D+00    |proj g| = 3.82843D+00
Iterate   95    nfg =  402    f = 5.30967D+00    |proj g| = 3.39711D+00
Iterate   96    nfg =  408    f = 5.30967D+00    |proj g| = 4.46410D+00
Iterate   97    nfg =  409    f = 5.30967D+00    |proj g| = 3.39711D+00
Iterate   98    nfg =  412    f = 5.30967D+00    |proj g| = 3.53109D+00
Iterate   99    nfg =  420    f = 5.30967D+00    |proj g| = 3.82843D+00
Iterate  100    nfg =  421    f = 5.30967D+00    |proj g| = 3.39711D+00
Iterate  101    nfg =  423    f = 5.30967D+00    |proj g| = 3.39711D+00
Iterate  102    nfg =  424    f = 5.30967D+00    |proj g| = 4.46410D+00
Iterate  103    nfg =  425    f = 5.30967D+00    |proj g| = 3.53109D+00
Iterate  104    nfg =  432    f = 5.30967D+00    |proj g| = 3.82843D+00
Iterate  105    nfg =  433    f = 5.30967D+00    |proj g| = 4.46410D+00
Iterate  106    nfg =  437    f = 5.30967D+00    |proj g| = 4.46410D+00
Iterate  107    nfg =  438    f = 5.30967D+00    |proj g| = 3.53109D+00
Iterate  108    nfg =  439    f = 5.30967D+00    |proj g| = 4.46410D+00
Iterate  109    nfg =  440    f = 5.30967D+00    |proj g| = 3.53109D+00
Iterate  110    nfg =  442    f = 5.30967D+00    |proj g| = 3.39711D+00
Iterate  111    nfg =  445    f = 5.30967D+00    |proj g| = 4.46410D+00
Iterate  112    nfg =  446    f = 5.30967D+00    |proj g| = 3.39711D+00
Iterate  113    nfg =  448    f = 5.30967D+00    |proj g| = 3.53109D+00
Iterate  114    nfg =  450    f = 5.30967D+00    |proj g| = 4.46410D+00
Iterate  115    nfg =  453    f = 5.30967D+00    |proj g| = 4.46410D+00
Iterate  116    nfg =  454    f = 5.30967D+00    |proj g| = 3.39711D+00
Iterate  117    nfg =  456    f = 5.30967D+00    |proj g| = 3.39711D+00
Iterate  118    nfg =  459    f = 5.30967D+00    |proj g| = 3.82843D+00
Iterate  119    nfg =  467    f = 5.30967D+00    |proj g| = 4.46410D+00
Iterate  120    nfg =  475    f = 5.30967D+00    |proj g| = 4.46410D+00
Iterate  121    nfg =  479    f = 5.30967D+00    |proj g| = 4.46410D+00
 CONVERGENCE: REL_REDUCTION_OF_F_<=_FACTR*EPSMCH             
tol is = 0.000000
ddum is = 5.309670
 Final X=
   8.6603D-01  5.0000D-01  8.6603D-01  5.0000D-01  8.6603D-01  5.0000D-01
   8.6603D-01  5.0000D-01  7.0711D-01  4.5424D-08
 Final derivative vector=
   3.3971D+00 -3.0000D+00  4.4641D+00 -3.0000D+00  4.4641D+00 -3.0000D+00
   4.4641D+00 -3.0000D+00 -1.8284D+00  1.0000D+00

           * * *

Tit   = total number of iterations
Tnf   = total number of function evaluations
Tnint = total number of segments explored during Cauchy searches
Skip  = number of BFGS updates skipped
Nact  = number of active bounds at final generalized Cauchy point
Projg = norm of the final projected gradient
F     = final function value

           * * *

   N    Tit     Tnf  Tnint  Skip  Nact     Projg        F
   10    121    479    137     4     4   4.464D+00   5.310D+00

CONVERGENCE: REL_REDUCTION_OF_F_<=_FACTR*EPSMCH             

 Total User time 3.333E-03 seconds.

 CONVERGENCE: REL_REDUCTION_OF_F_<=_FACTR*EPSMCH             
 Final X=
   8.6603D-01  5.0000D-01  8.6603D-01  5.0000D-01  8.6603D-01  5.0000D-01
   8.6603D-01  5.0000D-01  7.0711D-01  4.5424D-08
[yo@neonlight lbfgsfortran]$  gfortran -g Driveryurirosen_ns1_p.f90 lbfgsb.f linpack.f blas.f timer.f -o yurirosenp
[yo@neonlight lbfgsfortran]$ ./yurirosenp 7 10 1.5

     Solving sample problem.
      (f = 0.0 at the optimal solution.)

RUNNING THE L-BFGS-B CODE

           * * *

Machine precision = 2.220D-16
 N =           10     M =            7
  Positive dir derivative in projection 
  Using the backtracking step 
 CONVERGENCE: REL_REDUCTION_OF_F_<=_FACTR*EPSMCH             
tol is = 0.000000
ddum is = 5.309670
 Final X=
   8.6603D-01  5.0000D-01  8.6603D-01  5.0000D-01  8.6603D-01  5.0000D-01
   8.6603D-01  5.0000D-01  7.0711D-01  4.5424D-08
 Final derivative vector=
   3.3971D+00 -3.0000D+00  4.4641D+00 -3.0000D+00  4.4641D+00 -3.0000D+00
   4.4641D+00 -3.0000D+00 -1.8284D+00  1.0000D+00

           * * *

Tit   = total number of iterations
Tnf   = total number of function evaluations
Tnint = total number of segments explored during Cauchy searches
Skip  = number of BFGS updates skipped
Nact  = number of active bounds at final generalized Cauchy point
Projg = norm of the final projected gradient
F     = final function value

           * * *

   N    Tit     Tnf  Tnint  Skip  Nact     Projg        F
   10    121    479    137     4     4   4.464D+00   5.310D+00

CONVERGENCE: REL_REDUCTION_OF_F_<=_FACTR*EPSMCH             

 Total User time 3.333E-03 seconds.

 CONVERGENCE: REL_REDUCTION_OF_F_<=_FACTR*EPSMCH             
 Final X=
   8.6603D-01  5.0000D-01  8.6603D-01  5.0000D-01  8.6603D-01  5.0000D-01
   8.6603D-01  5.0000D-01  7.0711D-01  4.5424D-08
[yo@neonlight lbfgsfortran]$  gfortran -g Driveryurirosen_ns1_p.f90 lbfgsb.f linpack.f blas.f timer.f -o yurirosenp
[yo@neonlight lbfgsfortran]$ ./yurirosenp 7 10 1.5

     Solving sample problem.
      (f = 0.0 at the optimal solution.)

  Positive dir derivative in projection 
  Using the backtracking step 
 CONVERGENCE: REL_REDUCTION_OF_F_<=_FACTR*EPSMCH             
tol is = 0.000000
ddum is = 5.309670
 Final X=
   8.6603D-01  5.0000D-01  8.6603D-01  5.0000D-01  8.6603D-01  5.0000D-01
   8.6603D-01  5.0000D-01  7.0711D-01  4.5424D-08
 Final derivative vector=
   3.3971D+00 -3.0000D+00  4.4641D+00 -3.0000D+00  4.4641D+00 -3.0000D+00
   4.4641D+00 -3.0000D+00 -1.8284D+00  1.0000D+00
 CONVERGENCE: REL_REDUCTION_OF_F_<=_FACTR*EPSMCH             
 Final X=
   8.6603D-01  5.0000D-01  8.6603D-01  5.0000D-01  8.6603D-01  5.0000D-01
   8.6603D-01  5.0000D-01  7.0711D-01  4.5424D-08
[yo@neonlight lbfgsfortran]$  gfortran -g Driveryurirosen_ns1_p.f90 lbfgsb.f linpack.f blas.f timer.f -o yurirosenp
[yo@neonlight lbfgsfortran]$ ./yurirosenp 7 10 1.5

     Solving sample problem.
      (f = 0.0 at the optimal solution.)

  Positive dir derivative in projection 
  Using the backtracking step 
 CONVERGENCE: REL_REDUCTION_OF_F_<=_FACTR*EPSMCH             
tol is = 0.000000
ddum is = 5.309670
 Final X=
   8.6603D-01  5.0000D-01  8.6603D-01  5.0000D-01  8.6603D-01  5.0000D-01
   8.6603D-01  5.0000D-01  7.0711D-01  4.5424D-08
 Final derivative vector=
   3.3971D+00 -3.0000D+00  4.4641D+00 -3.0000D+00  4.4641D+00 -3.0000D+00
   4.4641D+00 -3.0000D+00 -1.8284D+00  1.0000D+00
 CONVERGENCE: REL_REDUCTION_OF_F_<=_FACTR*EPSMCH             
[yo@neonlight lbfgsfortran]$  gfortran -g Driveryurirosen_ns1_p.f90 lbfgsb.f linpack.f blas.f timer.f -o yurirosenp
[yo@neonlight lbfgsfortran]$ ./yurirosenp 7 10 1.5

     Solving sample problem.
      (f = 0.0 at the optimal solution.)

  Positive dir derivative in projection 
  Using the backtracking step 
 CONVERGENCE: REL_REDUCTION_OF_F_<=_FACTR*EPSMCH             
tol is = 0.000000
ddum is = 5.309670
 Final X=
   8.6603D-01  5.0000D-01  8.6603D-01  5.0000D-01  8.6603D-01  5.0000D-01
   8.6603D-01  5.0000D-01  7.0711D-01  4.5424D-08
 Final derivative vector=
   3.3971D+00 -3.0000D+00  4.4641D+00 -3.0000D+00  4.4641D+00 -3.0000D+00
   4.4641D+00 -3.0000D+00 -1.8284D+00  1.0000D+00
 CONVERGENCE: REL_REDUCTION_OF_F_<=_FACTR*EPSMCH             
[yo@neonlight lbfgsfortran]$  gfortran -g Driveryurirosen_ns1_p.f90 lbfgsb.f linpack.f blas.f timer.f -o yurirosenp
[yo@neonlight lbfgsfortran]$ ./yurirosenp 7 10 1.5

     Solving sample problem.
      (f = 0.0 at the optimal solution.)

  Positive dir derivative in projection 
  Using the backtracking step 
 CONVERGENCE: REL_REDUCTION_OF_F_<=_FACTR*EPSMCH             
tol is = 0.000000
ddum is = 5.309670
 Final X=
   8.6603D-01  5.0000D-01  8.6603D-01  5.0000D-01  8.6603D-01  5.0000D-01
   8.6603D-01  5.0000D-01  7.0711D-01  4.5424D-08
 Final derivative vector=
   3.3971D+00 -3.0000D+00  4.4641D+00 -3.0000D+00  4.4641D+00 -3.0000D+00
   4.4641D+00 -3.0000D+00 -1.8284D+00  1.0000D+00
 CONVERGENCE: REL_REDUCTION_OF_F_<=_FACTR*EPSMCH             
[yo@neonlight lbfgsfortran]$  gfortran -g Driveryurirosen_ns1_p.f90 lbfgsb.f linpack.f blas.f timer.f -o yurirosenp
[yo@neonlight lbfgsfortran]$ ./yurirosenp 7 10 1.5
  Positive dir derivative in projection 
  Using the backtracking step 
 CONVERGENCE: REL_REDUCTION_OF_F_<=_FACTR*EPSMCH             
tol is = 0.000000
ddum is = 5.309670
 Final X=
   8.6603D-01  5.0000D-01  8.6603D-01  5.0000D-01  8.6603D-01  5.0000D-01
   8.6603D-01  5.0000D-01  7.0711D-01  4.5424D-08
 Final derivative vector=
   3.3971D+00 -3.0000D+00  4.4641D+00 -3.0000D+00  4.4641D+00 -3.0000D+00
   4.4641D+00 -3.0000D+00 -1.8284D+00  1.0000D+00
 CONVERGENCE: REL_REDUCTION_OF_F_<=_FACTR*EPSMCH             
[yo@neonlight lbfgsfortran]$  gfortran -g Driveryurirosen_ns1_p.f90 lbfgsb.f linpack.f blas.f timer.f -o yurirosenp
[yo@neonlight lbfgsfortran]$ ./yurirosenp 7 10 1.5
  Positive dir derivative in projection 
  Using the backtracking step 
 CONVERGENCE: REL_REDUCTION_OF_F_<=_FACTR*EPSMCH             
[yo@neonlight lbfgsfortran]$  gfortran -g Driveryurirosen_ns1_p.f90 lbfgsb.f linpack.f blas.f timer.f -o yurirosenp
[yo@neonlight lbfgsfortran]$ ./yurirosenp 7 10 1.5
  Positive dir derivative in projection 
  Using the backtracking step 
 final results
 CONVERGENCE: REL_REDUCTION_OF_F_<=_FACTR*EPSMCH             
[yo@neonlight lbfgsfortran]$  gfortran -g Driveryurirosen_ns1_p.f90 lbfgsb.f linpack.f blas.f timer.f -o yurirosenp
[yo@neonlight lbfgsfortran]$ ./yurirosenp 7 10 1.5
  Positive dir derivative in projection 
  Using the backtracking step 
 final results: m=           7  task=CONVERGENCE: REL_REDUCTION_OF_F_<=_FACTR*EPSMCH             
 CONVERGENCE: REL_REDUCTION_OF_F_<=_FACTR*EPSMCH             
[yo@neonlight lbfgsfortran]$  gfortran -g Driveryurirosen_ns1_p.f90 lbfgsb.f linpack.f blas.f timer.f -o yurirosenp
Driveryurirosen_ns1_p.f90:265.62:

     write (*,*) 'final results run:', m, n, p, isave(30), nfg, isave(34), f, d
                                                              1
Error: Symbol 'nfg' at (1) has no IMPLICIT type
[yo@neonlight lbfgsfortran]$  gfortran -g Driveryurirosen_ns1_p.f90 lbfgsb.f linpack.f blas.f timer.f -o yurirosenp
[yo@neonlight lbfgsfortran]$ ./yurirosenp 7 10 1.5
  Positive dir derivative in projection 
  Using the backtracking step 
 final results run:           7          10   1.5000000000000000              121         479         479   5.3096703067076039        4.4641016151377553      CONVERGENCE: REL_REDUCTION_OF_F_<=_FACTR*EPSMCH             
[yo@neonlight lbfgsfortran]$  gfortran -g Driveryurirosen_ns1_p.f90 lbfgsb.f linpack.f blas.f timer.f -o yurirosenp
[yo@neonlight lbfgsfortran]$ ./yurirosenp 7 10 1.5
  Positive dir derivative in projection 
  Using the backtracking step 
 final results run:           7          10   1.5000000000000000              121         479   5.3096703067076039        4.4641016151377553        3.3330000005662441E-003 CONVERGENCE: REL_REDUCTION_OF_F_<=_FACTR*EPSMCH             
[yo@neonlight lbfgsfortran]$ ./yurirosenp 7 1000 1.5
  Positive dir derivative in projection 
  Using the backtracking step 
 final results run:           7        1000   1.5000000000000000               87         295   681.49224516403183        3.3971143170301197        3.9999000728130341E-002 CONVERGENCE: REL_REDUCTION_OF_F_<=_FACTR*EPSMCH             
[yo@neonlight lbfgsfortran]$ ./yurirosenp 7 10000 1.5
  Positive dir derivative in projection 
  Using the backtracking step 
  Positive dir derivative in projection 
  Using the backtracking step 
 final results run:           7       10000   1.5000000000000000               85         256   6828.6065621934049        3.5310889132448073       0.37666600942611694      CONVERGENCE: REL_REDUCTION_OF_F_<=_FACTR*EPSMCH             
[yo@neonlight lbfgsfortran]$ ./runall.sh
bash: ./runall.sh: Permission denied
[yo@neonlight lbfgsfortran]$ chmod +x runall.sh
[yo@neonlight lbfgsfortran]$ ./runall.sh
At line 85 of file Driveryurirosen_ns1_p.f90
Fortran runtime error: Bad integer for item 1 in list input
At line 85 of file Driveryurirosen_ns1_p.f90
Fortran runtime error: Bad integer for item 1 in list input
At line 85 of file Driveryurirosen_ns1_p.f90
Fortran runtime error: Bad integer for item 1 in list input
At line 85 of file Driveryurirosen_ns1_p.f90
Fortran runtime error: Bad integer for item 1 in list input
At line 85 of file Driveryurirosen_ns1_p.f90
Fortran runtime error: Bad integer for item 1 in list input
At line 85 of file Driveryurirosen_ns1_p.f90
Fortran runtime error: Bad integer for item 1 in list input
At line 85 of file Driveryurirosen_ns1_p.f90
Fortran runtime error: Bad integer for item 1 in list input
At line 85 of file Driveryurirosen_ns1_p.f90
Fortran runtime error: Bad integer for item 1 in list input
At line 85 of file Driveryurirosen_ns1_p.f90
Fortran runtime error: Bad integer for item 1 in list input
At line 85 of file Driveryurirosen_ns1_p.f90
Fortran runtime error: Bad integer for item 1 in list input
At line 85 of file Driveryurirosen_ns1_p.f90
Fortran runtime error: Bad integer for item 1 in list input
At line 85 of file Driveryurirosen_ns1_p.f90
Fortran runtime error: Bad integer for item 1 in list input
At line 85 of file Driveryurirosen_ns1_p.f90
Fortran runtime error: Bad integer for item 1 in list input
At line 85 of file Driveryurirosen_ns1_p.f90
Fortran runtime error: Bad integer for item 1 in list input
At line 85 of file Driveryurirosen_ns1_p.f90
Fortran runtime error: Bad integer for item 1 in list input
At line 85 of file Driveryurirosen_ns1_p.f90
Fortran runtime error: Bad integer for item 1 in list input
At line 85 of file Driveryurirosen_ns1_p.f90
Fortran runtime error: Bad integer for item 1 in list input
At line 85 of file Driveryurirosen_ns1_p.f90
Fortran runtime error: Bad integer for item 1 in list input
2
At line 85 of file Driveryurirosen_ns1_p.f90
Fortran runtime error: Bad integer for item 1 in list input
At line 85 of file Driveryurirosen_ns1_p.f90
Fortran runtime error: Bad integer for item 1 in list input
At line 85 of file Driveryurirosen_ns1_p.f90
Fortran runtime error: Bad integer for item 1 in list input
At line 85 of file Driveryurirosen_ns1_p.f90
Fortran runtime error: Bad integer for item 1 in list input
At line 85 of file Driveryurirosen_ns1_p.f90
Fortran runtime error: Bad integer for item 1 in list input
At line 85 of file Driveryurirosen_ns1_p.f90
Fortran runtime error: Bad integer for item 1 in list input
At line 85 of file Driveryurirosen_ns1_p.f90
Fortran runtime error: Bad integer for item 1 in list input
At line 85 of file Driveryurirosen_ns1_p.f90
Fortran runtime error: Bad integer for item 1 in list input
At line 85 of file Driveryurirosen_ns1_p.f90
Fortran runtime error: Bad integer for item 1 in list input
At line 85 of file Driveryurirosen_ns1_p.f90
Fortran runtime error: Bad integer for item 1 in list input
At line 85 of file Driveryurirosen_ns1_p.f90
Fortran runtime error: Bad integer for item 1 in list input
At line 85 of file Driveryurirosen_ns1_p.f90
Fortran runtime error: Bad integer for item 1 in list input
At line 85 of file Driveryurirosen_ns1_p.f90
Fortran runtime error: Bad integer for item 1 in list input
At line 85 of file Driveryurirosen_ns1_p.f90
Fortran runtime error: Bad integer for item 1 in list input
At line 85 of file Driveryurirosen_ns1_p.f90
Fortran runtime error: Bad integer for item 1 in list input
At line 85 of file Driveryurirosen_ns1_p.f90
Fortran runtime error: Bad integer for item 1 in list input
At line 85 of file Driveryurirosen_ns1_p.f90
Fortran runtime error: Bad integer for item 1 in list input
At line 85 of file Driveryurirosen_ns1_p.f90
Fortran runtime error: Bad integer for item 1 in list input
4
At line 85 of file Driveryurirosen_ns1_p.f90
Fortran runtime error: Bad integer for item 1 in list input
At line 85 of file Driveryurirosen_ns1_p.f90
Fortran runtime error: Bad integer for item 1 in list input
At line 85 of file Driveryurirosen_ns1_p.f90
Fortran runtime error: Bad integer for item 1 in list input
At line 85 of file Driveryurirosen_ns1_p.f90
Fortran runtime error: Bad integer for item 1 in list input
At line 85 of file Driveryurirosen_ns1_p.f90
Fortran runtime error: Bad integer for item 1 in list input
At line 85 of file Driveryurirosen_ns1_p.f90
Fortran runtime error: Bad integer for item 1 in list input
At line 85 of file Driveryurirosen_ns1_p.f90
Fortran runtime error: Bad integer for item 1 in list input
At line 85 of file Driveryurirosen_ns1_p.f90
Fortran runtime error: Bad integer for item 1 in list input
At line 85 of file Driveryurirosen_ns1_p.f90
Fortran runtime error: Bad integer for item 1 in list input
At line 85 of file Driveryurirosen_ns1_p.f90
Fortran runtime error: Bad integer for item 1 in list input
At line 85 of file Driveryurirosen_ns1_p.f90
Fortran runtime error: Bad integer for item 1 in list input
At line 85 of file Driveryurirosen_ns1_p.f90
Fortran runtime error: Bad integer for item 1 in list input
At line 85 of file Driveryurirosen_ns1_p.f90
Fortran runtime error: Bad integer for item 1 in list input
At line 85 of file Driveryurirosen_ns1_p.f90
Fortran runtime error: Bad integer for item 1 in list input
At line 85 of file Driveryurirosen_ns1_p.f90
Fortran runtime error: Bad integer for item 1 in list input
At line 85 of file Driveryurirosen_ns1_p.f90
Fortran runtime error: Bad integer for item 1 in list input
At line 85 of file Driveryurirosen_ns1_p.f90
Fortran runtime error: Bad integer for item 1 in list input
At line 85 of file Driveryurirosen_ns1_p.f90
Fortran runtime error: Bad integer for item 1 in list input
6
At line 85 of file Driveryurirosen_ns1_p.f90
Fortran runtime error: Bad integer for item 1 in list input
At line 85 of file Driveryurirosen_ns1_p.f90
Fortran runtime error: Bad integer for item 1 in list input
At line 85 of file Driveryurirosen_ns1_p.f90
Fortran runtime error: Bad integer for item 1 in list input
At line 85 of file Driveryurirosen_ns1_p.f90
Fortran runtime error: Bad integer for item 1 in list input
At line 85 of file Driveryurirosen_ns1_p.f90
Fortran runtime error: Bad integer for item 1 in list input
At line 85 of file Driveryurirosen_ns1_p.f90
Fortran runtime error: Bad integer for item 1 in list input
At line 85 of file Driveryurirosen_ns1_p.f90
Fortran runtime error: Bad integer for item 1 in list input
At line 85 of file Driveryurirosen_ns1_p.f90
Fortran runtime error: Bad integer for item 1 in list input
At line 85 of file Driveryurirosen_ns1_p.f90
Fortran runtime error: Bad integer for item 1 in list input
At line 85 of file Driveryurirosen_ns1_p.f90
Fortran runtime error: Bad integer for item 1 in list input
At line 85 of file Driveryurirosen_ns1_p.f90
Fortran runtime error: Bad integer for item 1 in list input
At line 85 of file Driveryurirosen_ns1_p.f90
Fortran runtime error: Bad integer for item 1 in list input
At line 85 of file Driveryurirosen_ns1_p.f90
Fortran runtime error: Bad integer for item 1 in list input
At line 85 of file Driveryurirosen_ns1_p.f90
Fortran runtime error: Bad integer for item 1 in list input
At line 85 of file Driveryurirosen_ns1_p.f90
Fortran runtime error: Bad integer for item 1 in list input
At line 85 of file Driveryurirosen_ns1_p.f90
Fortran runtime error: Bad integer for item 1 in list input
At line 85 of file Driveryurirosen_ns1_p.f90
Fortran runtime error: Bad integer for item 1 in list input
At line 85 of file Driveryurirosen_ns1_p.f90
Fortran runtime error: Bad integer for item 1 in list input
8
At line 85 of file Driveryurirosen_ns1_p.f90
Fortran runtime error: Bad integer for item 1 in list input
At line 85 of file Driveryurirosen_ns1_p.f90
Fortran runtime error: Bad integer for item 1 in list input
At line 85 of file Driveryurirosen_ns1_p.f90
Fortran runtime error: Bad integer for item 1 in list input
At line 85 of file Driveryurirosen_ns1_p.f90
Fortran runtime error: Bad integer for item 1 in list input
At line 85 of file Driveryurirosen_ns1_p.f90
Fortran runtime error: Bad integer for item 1 in list input
At line 85 of file Driveryurirosen_ns1_p.f90
Fortran runtime error: Bad integer for item 1 in list input
At line 85 of file Driveryurirosen_ns1_p.f90
Fortran runtime error: Bad integer for item 1 in list input
At line 85 of file Driveryurirosen_ns1_p.f90
Fortran runtime error: Bad integer for item 1 in list input
At line 85 of file Driveryurirosen_ns1_p.f90
Fortran runtime error: Bad integer for item 1 in list input
At line 85 of file Driveryurirosen_ns1_p.f90
Fortran runtime error: Bad integer for item 1 in list input
At line 85 of file Driveryurirosen_ns1_p.f90
Fortran runtime error: Bad integer for item 1 in list input
At line 85 of file Driveryurirosen_ns1_p.f90
Fortran runtime error: Bad integer for item 1 in list input
At line 85 of file Driveryurirosen_ns1_p.f90
Fortran runtime error: Bad integer for item 1 in list input
At line 85 of file Driveryurirosen_ns1_p.f90
Fortran runtime error: Bad integer for item 1 in list input
At line 85 of file Driveryurirosen_ns1_p.f90
Fortran runtime error: Bad integer for item 1 in list input
At line 85 of file Driveryurirosen_ns1_p.f90
Fortran runtime error: Bad integer for item 1 in list input
At line 85 of file Driveryurirosen_ns1_p.f90
Fortran runtime error: Bad integer for item 1 in list input
At line 85 of file Driveryurirosen_ns1_p.f90
Fortran runtime error: Bad integer for item 1 in list input
10
At line 85 of file Driveryurirosen_ns1_p.f90
Fortran runtime error: Bad integer for item 1 in list input
At line 85 of file Driveryurirosen_ns1_p.f90
Fortran runtime error: Bad integer for item 1 in list input
At line 85 of file Driveryurirosen_ns1_p.f90
Fortran runtime error: Bad integer for item 1 in list input
At line 85 of file Driveryurirosen_ns1_p.f90
Fortran runtime error: Bad integer for item 1 in list input
At line 85 of file Driveryurirosen_ns1_p.f90
Fortran runtime error: Bad integer for item 1 in list input
At line 85 of file Driveryurirosen_ns1_p.f90
Fortran runtime error: Bad integer for item 1 in list input
At line 85 of file Driveryurirosen_ns1_p.f90
Fortran runtime error: Bad integer for item 1 in list input
At line 85 of file Driveryurirosen_ns1_p.f90
Fortran runtime error: Bad integer for item 1 in list input
At line 85 of file Driveryurirosen_ns1_p.f90
Fortran runtime error: Bad integer for item 1 in list input
At line 85 of file Driveryurirosen_ns1_p.f90
Fortran runtime error: Bad integer for item 1 in list input
At line 85 of file Driveryurirosen_ns1_p.f90
Fortran runtime error: Bad integer for item 1 in list input
At line 85 of file Driveryurirosen_ns1_p.f90
Fortran runtime error: Bad integer for item 1 in list input
At line 85 of file Driveryurirosen_ns1_p.f90
Fortran runtime error: Bad integer for item 1 in list input
At line 85 of file Driveryurirosen_ns1_p.f90
Fortran runtime error: Bad integer for item 1 in list input
At line 85 of file Driveryurirosen_ns1_p.f90
Fortran runtime error: Bad integer for item 1 in list input
At line 85 of file Driveryurirosen_ns1_p.f90
Fortran runtime error: Bad integer for item 1 in list input
At line 85 of file Driveryurirosen_ns1_p.f90
Fortran runtime error: Bad integer for item 1 in list input
At line 85 of file Driveryurirosen_ns1_p.f90
Fortran runtime error: Bad integer for item 1 in list input
20
At line 85 of file Driveryurirosen_ns1_p.f90
Fortran runtime error: Bad integer for item 1 in list input
At line 85 of file Driveryurirosen_ns1_p.f90
Fortran runtime error: Bad integer for item 1 in list input
At line 85 of file Driveryurirosen_ns1_p.f90
Fortran runtime error: Bad integer for item 1 in list input
At line 85 of file Driveryurirosen_ns1_p.f90
Fortran runtime error: Bad integer for item 1 in list input
At line 85 of file Driveryurirosen_ns1_p.f90
Fortran runtime error: Bad integer for item 1 in list input
At line 85 of file Driveryurirosen_ns1_p.f90
Fortran runtime error: Bad integer for item 1 in list input
At line 85 of file Driveryurirosen_ns1_p.f90
Fortran runtime error: Bad integer for item 1 in list input
At line 85 of file Driveryurirosen_ns1_p.f90
Fortran runtime error: Bad integer for item 1 in list input
At line 85 of file Driveryurirosen_ns1_p.f90
Fortran runtime error: Bad integer for item 1 in list input
At line 85 of file Driveryurirosen_ns1_p.f90
Fortran runtime error: Bad integer for item 1 in list input
At line 85 of file Driveryurirosen_ns1_p.f90
Fortran runtime error: Bad integer for item 1 in list input
At line 85 of file Driveryurirosen_ns1_p.f90
Fortran runtime error: Bad integer for item 1 in list input
At line 85 of file Driveryurirosen_ns1_p.f90
Fortran runtime error: Bad integer for item 1 in list input
At line 85 of file Driveryurirosen_ns1_p.f90
Fortran runtime error: Bad integer for item 1 in list input
At line 85 of file Driveryurirosen_ns1_p.f90
Fortran runtime error: Bad integer for item 1 in list input
At line 85 of file Driveryurirosen_ns1_p.f90
Fortran runtime error: Bad integer for item 1 in list input
At line 85 of file Driveryurirosen_ns1_p.f90
Fortran runtime error: Bad integer for item 1 in list input
At line 85 of file Driveryurirosen_ns1_p.f90
Fortran runtime error: Bad integer for item 1 in list input
50
At line 85 of file Driveryurirosen_ns1_p.f90
Fortran runtime error: Bad integer for item 1 in list input
At line 85 of file Driveryurirosen_ns1_p.f90
Fortran runtime error: Bad integer for item 1 in list input
At line 85 of file Driveryurirosen_ns1_p.f90
Fortran runtime error: Bad integer for item 1 in list input
At line 85 of file Driveryurirosen_ns1_p.f90
Fortran runtime error: Bad integer for item 1 in list input
At line 85 of file Driveryurirosen_ns1_p.f90
Fortran runtime error: Bad integer for item 1 in list input
At line 85 of file Driveryurirosen_ns1_p.f90
Fortran runtime error: Bad integer for item 1 in list input
At line 85 of file Driveryurirosen_ns1_p.f90
Fortran runtime error: Bad integer for item 1 in list input
At line 85 of file Driveryurirosen_ns1_p.f90
Fortran runtime error: Bad integer for item 1 in list input
At line 85 of file Driveryurirosen_ns1_p.f90
Fortran runtime error: Bad integer for item 1 in list input
At line 85 of file Driveryurirosen_ns1_p.f90
Fortran runtime error: Bad integer for item 1 in list input
At line 85 of file Driveryurirosen_ns1_p.f90
Fortran runtime error: Bad integer for item 1 in list input
At line 85 of file Driveryurirosen_ns1_p.f90
Fortran runtime error: Bad integer for item 1 in list input
At line 85 of file Driveryurirosen_ns1_p.f90
Fortran runtime error: Bad integer for item 1 in list input
At line 85 of file Driveryurirosen_ns1_p.f90
Fortran runtime error: Bad integer for item 1 in list input
At line 85 of file Driveryurirosen_ns1_p.f90
Fortran runtime error: Bad integer for item 1 in list input
At line 85 of file Driveryurirosen_ns1_p.f90
Fortran runtime error: Bad integer for item 1 in list input
At line 85 of file Driveryurirosen_ns1_p.f90
Fortran runtime error: Bad integer for item 1 in list input
At line 85 of file Driveryurirosen_ns1_p.f90
Fortran runtime error: Bad integer for item 1 in list input
100
At line 85 of file Driveryurirosen_ns1_p.f90
Fortran runtime error: Bad integer for item 1 in list input
At line 85 of file Driveryurirosen_ns1_p.f90
Fortran runtime error: Bad integer for item 1 in list input
At line 85 of file Driveryurirosen_ns1_p.f90
Fortran runtime error: Bad integer for item 1 in list input
At line 85 of file Driveryurirosen_ns1_p.f90
Fortran runtime error: Bad integer for item 1 in list input
At line 85 of file Driveryurirosen_ns1_p.f90
Fortran runtime error: Bad integer for item 1 in list input
At line 85 of file Driveryurirosen_ns1_p.f90
Fortran runtime error: Bad integer for item 1 in list input
At line 85 of file Driveryurirosen_ns1_p.f90
Fortran runtime error: Bad integer for item 1 in list input
At line 85 of file Driveryurirosen_ns1_p.f90
Fortran runtime error: Bad integer for item 1 in list input
At line 85 of file Driveryurirosen_ns1_p.f90
Fortran runtime error: Bad integer for item 1 in list input
At line 85 of file Driveryurirosen_ns1_p.f90
Fortran runtime error: Bad integer for item 1 in list input
At line 85 of file Driveryurirosen_ns1_p.f90
Fortran runtime error: Bad integer for item 1 in list input
At line 85 of file Driveryurirosen_ns1_p.f90
Fortran runtime error: Bad integer for item 1 in list input
At line 85 of file Driveryurirosen_ns1_p.f90
Fortran runtime error: Bad integer for item 1 in list input
At line 85 of file Driveryurirosen_ns1_p.f90
Fortran runtime error: Bad integer for item 1 in list input
At line 85 of file Driveryurirosen_ns1_p.f90
Fortran runtime error: Bad integer for item 1 in list input
At line 85 of file Driveryurirosen_ns1_p.f90
Fortran runtime error: Bad integer for item 1 in list input
At line 85 of file Driveryurirosen_ns1_p.f90
Fortran runtime error: Bad integer for item 1 in list input
At line 85 of file Driveryurirosen_ns1_p.f90
Fortran runtime error: Bad integer for item 1 in list input
200
At line 85 of file Driveryurirosen_ns1_p.f90
Fortran runtime error: Bad integer for item 1 in list input
At line 85 of file Driveryurirosen_ns1_p.f90
Fortran runtime error: Bad integer for item 1 in list input
At line 85 of file Driveryurirosen_ns1_p.f90
Fortran runtime error: Bad integer for item 1 in list input
At line 85 of file Driveryurirosen_ns1_p.f90
Fortran runtime error: Bad integer for item 1 in list input
At line 85 of file Driveryurirosen_ns1_p.f90
Fortran runtime error: Bad integer for item 1 in list input
At line 85 of file Driveryurirosen_ns1_p.f90
Fortran runtime error: Bad integer for item 1 in list input
At line 85 of file Driveryurirosen_ns1_p.f90
Fortran runtime error: Bad integer for item 1 in list input
At line 85 of file Driveryurirosen_ns1_p.f90
Fortran runtime error: Bad integer for item 1 in list input
At line 85 of file Driveryurirosen_ns1_p.f90
Fortran runtime error: Bad integer for item 1 in list input
At line 85 of file Driveryurirosen_ns1_p.f90
Fortran runtime error: Bad integer for item 1 in list input
At line 85 of file Driveryurirosen_ns1_p.f90
Fortran runtime error: Bad integer for item 1 in list input
At line 85 of file Driveryurirosen_ns1_p.f90
Fortran runtime error: Bad integer for item 1 in list input
At line 85 of file Driveryurirosen_ns1_p.f90
Fortran runtime error: Bad integer for item 1 in list input
At line 85 of file Driveryurirosen_ns1_p.f90
Fortran runtime error: Bad integer for item 1 in list input
At line 85 of file Driveryurirosen_ns1_p.f90
Fortran runtime error: Bad integer for item 1 in list input
At line 85 of file Driveryurirosen_ns1_p.f90
Fortran runtime error: Bad integer for item 1 in list input
At line 85 of file Driveryurirosen_ns1_p.f90
Fortran runtime error: Bad integer for item 1 in list input
At line 85 of file Driveryurirosen_ns1_p.f90
Fortran runtime error: Bad integer for item 1 in list input
1000
At line 85 of file Driveryurirosen_ns1_p.f90
Fortran runtime error: Bad integer for item 1 in list input
At line 85 of file Driveryurirosen_ns1_p.f90
Fortran runtime error: Bad integer for item 1 in list input
At line 85 of file Driveryurirosen_ns1_p.f90
Fortran runtime error: Bad integer for item 1 in list input
At line 85 of file Driveryurirosen_ns1_p.f90
Fortran runtime error: Bad integer for item 1 in list input
At line 85 of file Driveryurirosen_ns1_p.f90
Fortran runtime error: Bad integer for item 1 in list input
At line 85 of file Driveryurirosen_ns1_p.f90
Fortran runtime error: Bad integer for item 1 in list input
At line 85 of file Driveryurirosen_ns1_p.f90
Fortran runtime error: Bad integer for item 1 in list input
At line 85 of file Driveryurirosen_ns1_p.f90
Fortran runtime error: Bad integer for item 1 in list input
At line 85 of file Driveryurirosen_ns1_p.f90
Fortran runtime error: Bad integer for item 1 in list input
At line 85 of file Driveryurirosen_ns1_p.f90
Fortran runtime error: Bad integer for item 1 in list input
At line 85 of file Driveryurirosen_ns1_p.f90
Fortran runtime error: Bad integer for item 1 in list input
At line 85 of file Driveryurirosen_ns1_p.f90
Fortran runtime error: Bad integer for item 1 in list input
At line 85 of file Driveryurirosen_ns1_p.f90
Fortran runtime error: Bad integer for item 1 in list input
At line 85 of file Driveryurirosen_ns1_p.f90
Fortran runtime error: Bad integer for item 1 in list input
At line 85 of file Driveryurirosen_ns1_p.f90
Fortran runtime error: Bad integer for item 1 in list input
At line 85 of file Driveryurirosen_ns1_p.f90
Fortran runtime error: Bad integer for item 1 in list input
At line 85 of file Driveryurirosen_ns1_p.f90
Fortran runtime error: Bad integer for item 1 in list input
At line 85 of file Driveryurirosen_ns1_p.f90
Fortran runtime error: Bad integer for item 1 in list input
10000
[yo@neonlight lbfgsfortran]$ ./runall.sh
m n p
At line 85 of file Driveryurirosen_ns1_p.f90
Fortran runtime error: Bad integer for item 1 in list input
m n p
At line 85 of file Driveryurirosen_ns1_p.f90
Fortran runtime error: Bad integer for item 1 in list input
m n p
At line 85 of file Driveryurirosen_ns1_p.f90
Fortran runtime error: Bad integer for item 1 in list input
m n p
At line 85 of file Driveryurirosen_ns1_p.f90
Fortran runtime error: Bad integer for item 1 in list input
m n p
At line 85 of file Driveryurirosen_ns1_p.f90
Fortran runtime error: Bad integer for item 1 in list input
m n p
At line 85 of file Driveryurirosen_ns1_p.f90
Fortran runtime error: Bad integer for item 1 in list input
m n p
At line 85 of file Driveryurirosen_ns1_p.f90
Fortran runtime error: Bad integer for item 1 in list input
m n p
At line 85 of file Driveryurirosen_ns1_p.f90
Fortran runtime error: Bad integer for item 1 in list input
m n p
At line 85 of file Driveryurirosen_ns1_p.f90
Fortran runtime error: Bad integer for item 1 in list input
m n p
At line 85 of file Driveryurirosen_ns1_p.f90
Fortran runtime error: Bad integer for item 1 in list input
m n p
At line 85 of file Driveryurirosen_ns1_p.f90
Fortran runtime error: Bad integer for item 1 in list input
m n p
At line 85 of file Driveryurirosen_ns1_p.f90
Fortran runtime error: Bad integer for item 1 in list input
m n p
At line 85 of file Driveryurirosen_ns1_p.f90
Fortran runtime error: Bad integer for item 1 in list input
m n p
At line 85 of file Driveryurirosen_ns1_p.f90
Fortran runtime error: Bad integer for item 1 in list input
m n p
At line 85 of file Driveryurirosen_ns1_p.f90
Fortran runtime error: Bad integer for item 1 in list input
m n p
At line 85 of file Driveryurirosen_ns1_p.f90
Fortran runtime error: Bad integer for item 1 in list input
m n p
At line 85 of file Driveryurirosen_ns1_p.f90
Fortran runtime error: Bad integer for item 1 in list input
m n p
At line 85 of file Driveryurirosen_ns1_p.f90
Fortran runtime error: Bad integer for item 1 in list input
2
m n p
At line 85 of file Driveryurirosen_ns1_p.f90
Fortran runtime error: Bad integer for item 1 in list input
m n p
At line 85 of file Driveryurirosen_ns1_p.f90
Fortran runtime error: Bad integer for item 1 in list input
m n p
At line 85 of file Driveryurirosen_ns1_p.f90
Fortran runtime error: Bad integer for item 1 in list input
m n p
At line 85 of file Driveryurirosen_ns1_p.f90
Fortran runtime error: Bad integer for item 1 in list input
m n p
At line 85 of file Driveryurirosen_ns1_p.f90
Fortran runtime error: Bad integer for item 1 in list input
m n p
At line 85 of file Driveryurirosen_ns1_p.f90
Fortran runtime error: Bad integer for item 1 in list input
m n p
At line 85 of file Driveryurirosen_ns1_p.f90
Fortran runtime error: Bad integer for item 1 in list input
m n p
At line 85 of file Driveryurirosen_ns1_p.f90
Fortran runtime error: Bad integer for item 1 in list input
m n p
At line 85 of file Driveryurirosen_ns1_p.f90
Fortran runtime error: Bad integer for item 1 in list input
m n p
At line 85 of file Driveryurirosen_ns1_p.f90
Fortran runtime error: Bad integer for item 1 in list input
m n p
At line 85 of file Driveryurirosen_ns1_p.f90
Fortran runtime error: Bad integer for item 1 in list input
m n p
At line 85 of file Driveryurirosen_ns1_p.f90
Fortran runtime error: Bad integer for item 1 in list input
m n p
At line 85 of file Driveryurirosen_ns1_p.f90
Fortran runtime error: Bad integer for item 1 in list input
m n p
At line 85 of file Driveryurirosen_ns1_p.f90
Fortran runtime error: Bad integer for item 1 in list input
m n p
At line 85 of file Driveryurirosen_ns1_p.f90
Fortran runtime error: Bad integer for item 1 in list input
m n p
At line 85 of file Driveryurirosen_ns1_p.f90
Fortran runtime error: Bad integer for item 1 in list input
m n p
At line 85 of file Driveryurirosen_ns1_p.f90
Fortran runtime error: Bad integer for item 1 in list input
m n p
At line 85 of file Driveryurirosen_ns1_p.f90
Fortran runtime error: Bad integer for item 1 in list input
4
m n p
At line 85 of file Driveryurirosen_ns1_p.f90
Fortran runtime error: Bad integer for item 1 in list input
m n p
At line 85 of file Driveryurirosen_ns1_p.f90
Fortran runtime error: Bad integer for item 1 in list input
m n p
At line 85 of file Driveryurirosen_ns1_p.f90
Fortran runtime error: Bad integer for item 1 in list input
m n p
At line 85 of file Driveryurirosen_ns1_p.f90
Fortran runtime error: Bad integer for item 1 in list input
m n p
At line 85 of file Driveryurirosen_ns1_p.f90
Fortran runtime error: Bad integer for item 1 in list input
m n p
At line 85 of file Driveryurirosen_ns1_p.f90
Fortran runtime error: Bad integer for item 1 in list input
m n p
At line 85 of file Driveryurirosen_ns1_p.f90
Fortran runtime error: Bad integer for item 1 in list input
m n p
At line 85 of file Driveryurirosen_ns1_p.f90
Fortran runtime error: Bad integer for item 1 in list input
m n p
At line 85 of file Driveryurirosen_ns1_p.f90
Fortran runtime error: Bad integer for item 1 in list input
m n p
At line 85 of file Driveryurirosen_ns1_p.f90
Fortran runtime error: Bad integer for item 1 in list input
m n p
At line 85 of file Driveryurirosen_ns1_p.f90
Fortran runtime error: Bad integer for item 1 in list input
m n p
At line 85 of file Driveryurirosen_ns1_p.f90
Fortran runtime error: Bad integer for item 1 in list input
m n p
At line 85 of file Driveryurirosen_ns1_p.f90
Fortran runtime error: Bad integer for item 1 in list input
m n p
At line 85 of file Driveryurirosen_ns1_p.f90
Fortran runtime error: Bad integer for item 1 in list input
m n p
At line 85 of file Driveryurirosen_ns1_p.f90
Fortran runtime error: Bad integer for item 1 in list input
m n p
At line 85 of file Driveryurirosen_ns1_p.f90
Fortran runtime error: Bad integer for item 1 in list input
m n p
At line 85 of file Driveryurirosen_ns1_p.f90
Fortran runtime error: Bad integer for item 1 in list input
m n p
At line 85 of file Driveryurirosen_ns1_p.f90
Fortran runtime error: Bad integer for item 1 in list input
6
m n p
At line 85 of file Driveryurirosen_ns1_p.f90
Fortran runtime error: Bad integer for item 1 in list input
m n p
At line 85 of file Driveryurirosen_ns1_p.f90
Fortran runtime error: Bad integer for item 1 in list input
m n p
At line 85 of file Driveryurirosen_ns1_p.f90
Fortran runtime error: Bad integer for item 1 in list input
m n p
At line 85 of file Driveryurirosen_ns1_p.f90
Fortran runtime error: Bad integer for item 1 in list input
m n p
At line 85 of file Driveryurirosen_ns1_p.f90
Fortran runtime error: Bad integer for item 1 in list input
m n p
At line 85 of file Driveryurirosen_ns1_p.f90
Fortran runtime error: Bad integer for item 1 in list input
m n p
At line 85 of file Driveryurirosen_ns1_p.f90
Fortran runtime error: Bad integer for item 1 in list input
m n p
At line 85 of file Driveryurirosen_ns1_p.f90
Fortran runtime error: Bad integer for item 1 in list input
m n p
At line 85 of file Driveryurirosen_ns1_p.f90
Fortran runtime error: Bad integer for item 1 in list input
m n p
At line 85 of file Driveryurirosen_ns1_p.f90
Fortran runtime error: Bad integer for item 1 in list input
m n p
At line 85 of file Driveryurirosen_ns1_p.f90
Fortran runtime error: Bad integer for item 1 in list input
m n p
At line 85 of file Driveryurirosen_ns1_p.f90
Fortran runtime error: Bad integer for item 1 in list input
m n p
At line 85 of file Driveryurirosen_ns1_p.f90
Fortran runtime error: Bad integer for item 1 in list input
m n p
At line 85 of file Driveryurirosen_ns1_p.f90
Fortran runtime error: Bad integer for item 1 in list input
m n p
At line 85 of file Driveryurirosen_ns1_p.f90
Fortran runtime error: Bad integer for item 1 in list input
m n p
At line 85 of file Driveryurirosen_ns1_p.f90
Fortran runtime error: Bad integer for item 1 in list input
m n p
At line 85 of file Driveryurirosen_ns1_p.f90
Fortran runtime error: Bad integer for item 1 in list input
m n p
At line 85 of file Driveryurirosen_ns1_p.f90
Fortran runtime error: Bad integer for item 1 in list input
8
m n p
At line 85 of file Driveryurirosen_ns1_p.f90
Fortran runtime error: Bad integer for item 1 in list input
m n p
At line 85 of file Driveryurirosen_ns1_p.f90
Fortran runtime error: Bad integer for item 1 in list input
m n p
At line 85 of file Driveryurirosen_ns1_p.f90
Fortran runtime error: Bad integer for item 1 in list input
m n p
At line 85 of file Driveryurirosen_ns1_p.f90
Fortran runtime error: Bad integer for item 1 in list input
m n p
At line 85 of file Driveryurirosen_ns1_p.f90
Fortran runtime error: Bad integer for item 1 in list input
m n p
At line 85 of file Driveryurirosen_ns1_p.f90
Fortran runtime error: Bad integer for item 1 in list input
m n p
At line 85 of file Driveryurirosen_ns1_p.f90
Fortran runtime error: Bad integer for item 1 in list input
m n p
At line 85 of file Driveryurirosen_ns1_p.f90
Fortran runtime error: Bad integer for item 1 in list input
m n p
At line 85 of file Driveryurirosen_ns1_p.f90
Fortran runtime error: Bad integer for item 1 in list input
m n p
At line 85 of file Driveryurirosen_ns1_p.f90
Fortran runtime error: Bad integer for item 1 in list input
m n p
At line 85 of file Driveryurirosen_ns1_p.f90
Fortran runtime error: Bad integer for item 1 in list input
m n p
At line 85 of file Driveryurirosen_ns1_p.f90
Fortran runtime error: Bad integer for item 1 in list input
m n p
At line 85 of file Driveryurirosen_ns1_p.f90
Fortran runtime error: Bad integer for item 1 in list input
m n p
At line 85 of file Driveryurirosen_ns1_p.f90
Fortran runtime error: Bad integer for item 1 in list input
m n p
At line 85 of file Driveryurirosen_ns1_p.f90
Fortran runtime error: Bad integer for item 1 in list input
m n p
At line 85 of file Driveryurirosen_ns1_p.f90
Fortran runtime error: Bad integer for item 1 in list input
m n p
At line 85 of file Driveryurirosen_ns1_p.f90
Fortran runtime error: Bad integer for item 1 in list input
m n p
At line 85 of file Driveryurirosen_ns1_p.f90
Fortran runtime error: Bad integer for item 1 in list input
10
m n p
At line 85 of file Driveryurirosen_ns1_p.f90
Fortran runtime error: Bad integer for item 1 in list input
m n p
At line 85 of file Driveryurirosen_ns1_p.f90
Fortran runtime error: Bad integer for item 1 in list input
m n p
At line 85 of file Driveryurirosen_ns1_p.f90
Fortran runtime error: Bad integer for item 1 in list input
m n p
At line 85 of file Driveryurirosen_ns1_p.f90
Fortran runtime error: Bad integer for item 1 in list input
m n p
At line 85 of file Driveryurirosen_ns1_p.f90
Fortran runtime error: Bad integer for item 1 in list input
m n p
At line 85 of file Driveryurirosen_ns1_p.f90
Fortran runtime error: Bad integer for item 1 in list input
m n p
At line 85 of file Driveryurirosen_ns1_p.f90
Fortran runtime error: Bad integer for item 1 in list input
m n p
At line 85 of file Driveryurirosen_ns1_p.f90
Fortran runtime error: Bad integer for item 1 in list input
m n p
At line 85 of file Driveryurirosen_ns1_p.f90
Fortran runtime error: Bad integer for item 1 in list input
m n p
At line 85 of file Driveryurirosen_ns1_p.f90
Fortran runtime error: Bad integer for item 1 in list input
m n p
At line 85 of file Driveryurirosen_ns1_p.f90
Fortran runtime error: Bad integer for item 1 in list input
m n p
At line 85 of file Driveryurirosen_ns1_p.f90
Fortran runtime error: Bad integer for item 1 in list input
m n p
At line 85 of file Driveryurirosen_ns1_p.f90
Fortran runtime error: Bad integer for item 1 in list input
m n p
At line 85 of file Driveryurirosen_ns1_p.f90
Fortran runtime error: Bad integer for item 1 in list input
m n p
At line 85 of file Driveryurirosen_ns1_p.f90
Fortran runtime error: Bad integer for item 1 in list input
m n p
At line 85 of file Driveryurirosen_ns1_p.f90
Fortran runtime error: Bad integer for item 1 in list input
m n p
At line 85 of file Driveryurirosen_ns1_p.f90
Fortran runtime error: Bad integer for item 1 in list input
m n p
At line 85 of file Driveryurirosen_ns1_p.f90
Fortran runtime error: Bad integer for item 1 in list input
20
m n p
At line 85 of file Driveryurirosen_ns1_p.f90
Fortran runtime error: Bad integer for item 1 in list input
m n p
At line 85 of file Driveryurirosen_ns1_p.f90
Fortran runtime error: Bad integer for item 1 in list input
m n p
At line 85 of file Driveryurirosen_ns1_p.f90
Fortran runtime error: Bad integer for item 1 in list input
m n p
At line 85 of file Driveryurirosen_ns1_p.f90
Fortran runtime error: Bad integer for item 1 in list input
m n p
At line 85 of file Driveryurirosen_ns1_p.f90
Fortran runtime error: Bad integer for item 1 in list input
m n p
At line 85 of file Driveryurirosen_ns1_p.f90
Fortran runtime error: Bad integer for item 1 in list input
m n p
At line 85 of file Driveryurirosen_ns1_p.f90
Fortran runtime error: Bad integer for item 1 in list input
m n p
At line 85 of file Driveryurirosen_ns1_p.f90
Fortran runtime error: Bad integer for item 1 in list input
m n p
At line 85 of file Driveryurirosen_ns1_p.f90
Fortran runtime error: Bad integer for item 1 in list input
m n p
At line 85 of file Driveryurirosen_ns1_p.f90
Fortran runtime error: Bad integer for item 1 in list input
m n p
At line 85 of file Driveryurirosen_ns1_p.f90
Fortran runtime error: Bad integer for item 1 in list input
m n p
At line 85 of file Driveryurirosen_ns1_p.f90
Fortran runtime error: Bad integer for item 1 in list input
m n p
At line 85 of file Driveryurirosen_ns1_p.f90
Fortran runtime error: Bad integer for item 1 in list input
m n p
At line 85 of file Driveryurirosen_ns1_p.f90
Fortran runtime error: Bad integer for item 1 in list input
m n p
At line 85 of file Driveryurirosen_ns1_p.f90
Fortran runtime error: Bad integer for item 1 in list input
m n p
At line 85 of file Driveryurirosen_ns1_p.f90
Fortran runtime error: Bad integer for item 1 in list input
m n p
At line 85 of file Driveryurirosen_ns1_p.f90
Fortran runtime error: Bad integer for item 1 in list input
m n p
At line 85 of file Driveryurirosen_ns1_p.f90
Fortran runtime error: Bad integer for item 1 in list input
50
m n p
At line 85 of file Driveryurirosen_ns1_p.f90
Fortran runtime error: Bad integer for item 1 in list input
m n p
At line 85 of file Driveryurirosen_ns1_p.f90
Fortran runtime error: Bad integer for item 1 in list input
m n p
At line 85 of file Driveryurirosen_ns1_p.f90
Fortran runtime error: Bad integer for item 1 in list input
m n p
At line 85 of file Driveryurirosen_ns1_p.f90
Fortran runtime error: Bad integer for item 1 in list input
m n p
At line 85 of file Driveryurirosen_ns1_p.f90
Fortran runtime error: Bad integer for item 1 in list input
m n p
At line 85 of file Driveryurirosen_ns1_p.f90
Fortran runtime error: Bad integer for item 1 in list input
m n p
At line 85 of file Driveryurirosen_ns1_p.f90
Fortran runtime error: Bad integer for item 1 in list input
m n p
At line 85 of file Driveryurirosen_ns1_p.f90
Fortran runtime error: Bad integer for item 1 in list input
m n p
At line 85 of file Driveryurirosen_ns1_p.f90
Fortran runtime error: Bad integer for item 1 in list input
m n p
At line 85 of file Driveryurirosen_ns1_p.f90
Fortran runtime error: Bad integer for item 1 in list input
m n p
At line 85 of file Driveryurirosen_ns1_p.f90
Fortran runtime error: Bad integer for item 1 in list input
m n p
At line 85 of file Driveryurirosen_ns1_p.f90
Fortran runtime error: Bad integer for item 1 in list input
m n p
At line 85 of file Driveryurirosen_ns1_p.f90
Fortran runtime error: Bad integer for item 1 in list input
m n p
At line 85 of file Driveryurirosen_ns1_p.f90
Fortran runtime error: Bad integer for item 1 in list input
m n p
At line 85 of file Driveryurirosen_ns1_p.f90
Fortran runtime error: Bad integer for item 1 in list input
m n p
At line 85 of file Driveryurirosen_ns1_p.f90
Fortran runtime error: Bad integer for item 1 in list input
m n p
At line 85 of file Driveryurirosen_ns1_p.f90
Fortran runtime error: Bad integer for item 1 in list input
m n p
At line 85 of file Driveryurirosen_ns1_p.f90
Fortran runtime error: Bad integer for item 1 in list input
100
m n p
At line 85 of file Driveryurirosen_ns1_p.f90
Fortran runtime error: Bad integer for item 1 in list input
m n p
At line 85 of file Driveryurirosen_ns1_p.f90
Fortran runtime error: Bad integer for item 1 in list input
m n p
At line 85 of file Driveryurirosen_ns1_p.f90
Fortran runtime error: Bad integer for item 1 in list input
m n p
At line 85 of file Driveryurirosen_ns1_p.f90
Fortran runtime error: Bad integer for item 1 in list input
m n p
At line 85 of file Driveryurirosen_ns1_p.f90
Fortran runtime error: Bad integer for item 1 in list input
m n p
At line 85 of file Driveryurirosen_ns1_p.f90
Fortran runtime error: Bad integer for item 1 in list input
m n p
At line 85 of file Driveryurirosen_ns1_p.f90
Fortran runtime error: Bad integer for item 1 in list input
m n p
At line 85 of file Driveryurirosen_ns1_p.f90
Fortran runtime error: Bad integer for item 1 in list input
m n p
At line 85 of file Driveryurirosen_ns1_p.f90
Fortran runtime error: Bad integer for item 1 in list input
m n p
At line 85 of file Driveryurirosen_ns1_p.f90
Fortran runtime error: Bad integer for item 1 in list input
m n p
At line 85 of file Driveryurirosen_ns1_p.f90
Fortran runtime error: Bad integer for item 1 in list input
m n p
At line 85 of file Driveryurirosen_ns1_p.f90
Fortran runtime error: Bad integer for item 1 in list input
m n p
At line 85 of file Driveryurirosen_ns1_p.f90
Fortran runtime error: Bad integer for item 1 in list input
m n p
At line 85 of file Driveryurirosen_ns1_p.f90
Fortran runtime error: Bad integer for item 1 in list input
m n p
At line 85 of file Driveryurirosen_ns1_p.f90
Fortran runtime error: Bad integer for item 1 in list input
m n p
At line 85 of file Driveryurirosen_ns1_p.f90
Fortran runtime error: Bad integer for item 1 in list input
m n p
At line 85 of file Driveryurirosen_ns1_p.f90
Fortran runtime error: Bad integer for item 1 in list input
m n p
At line 85 of file Driveryurirosen_ns1_p.f90
Fortran runtime error: Bad integer for item 1 in list input
200
m n p
At line 85 of file Driveryurirosen_ns1_p.f90
Fortran runtime error: Bad integer for item 1 in list input
m n p
At line 85 of file Driveryurirosen_ns1_p.f90
Fortran runtime error: Bad integer for item 1 in list input
m n p
At line 85 of file Driveryurirosen_ns1_p.f90
Fortran runtime error: Bad integer for item 1 in list input
m n p
At line 85 of file Driveryurirosen_ns1_p.f90
Fortran runtime error: Bad integer for item 1 in list input
m n p
At line 85 of file Driveryurirosen_ns1_p.f90
Fortran runtime error: Bad integer for item 1 in list input
m n p
At line 85 of file Driveryurirosen_ns1_p.f90
Fortran runtime error: Bad integer for item 1 in list input
m n p
At line 85 of file Driveryurirosen_ns1_p.f90
Fortran runtime error: Bad integer for item 1 in list input
m n p
At line 85 of file Driveryurirosen_ns1_p.f90
Fortran runtime error: Bad integer for item 1 in list input
m n p
At line 85 of file Driveryurirosen_ns1_p.f90
Fortran runtime error: Bad integer for item 1 in list input
m n p
At line 85 of file Driveryurirosen_ns1_p.f90
Fortran runtime error: Bad integer for item 1 in list input
m n p
At line 85 of file Driveryurirosen_ns1_p.f90
Fortran runtime error: Bad integer for item 1 in list input
m n p
At line 85 of file Driveryurirosen_ns1_p.f90
Fortran runtime error: Bad integer for item 1 in list input
m n p
At line 85 of file Driveryurirosen_ns1_p.f90
Fortran runtime error: Bad integer for item 1 in list input
m n p
At line 85 of file Driveryurirosen_ns1_p.f90
Fortran runtime error: Bad integer for item 1 in list input
m n p
At line 85 of file Driveryurirosen_ns1_p.f90
Fortran runtime error: Bad integer for item 1 in list input
m n p
At line 85 of file Driveryurirosen_ns1_p.f90
Fortran runtime error: Bad integer for item 1 in list input
m n p
At line 85 of file Driveryurirosen_ns1_p.f90
Fortran runtime error: Bad integer for item 1 in list input
m n p
At line 85 of file Driveryurirosen_ns1_p.f90
Fortran runtime error: Bad integer for item 1 in list input
1000
m n p
At line 85 of file Driveryurirosen_ns1_p.f90
Fortran runtime error: Bad integer for item 1 in list input
m n p
At line 85 of file Driveryurirosen_ns1_p.f90
Fortran runtime error: Bad integer for item 1 in list input
m n p
At line 85 of file Driveryurirosen_ns1_p.f90
Fortran runtime error: Bad integer for item 1 in list input
m n p
At line 85 of file Driveryurirosen_ns1_p.f90
Fortran runtime error: Bad integer for item 1 in list input
m n p
At line 85 of file Driveryurirosen_ns1_p.f90
Fortran runtime error: Bad integer for item 1 in list input
m n p
At line 85 of file Driveryurirosen_ns1_p.f90
Fortran runtime error: Bad integer for item 1 in list input
m n p
At line 85 of file Driveryurirosen_ns1_p.f90
Fortran runtime error: Bad integer for item 1 in list input
m n p
At line 85 of file Driveryurirosen_ns1_p.f90
Fortran runtime error: Bad integer for item 1 in list input
m n p
At line 85 of file Driveryurirosen_ns1_p.f90
Fortran runtime error: Bad integer for item 1 in list input
m n p
At line 85 of file Driveryurirosen_ns1_p.f90
Fortran runtime error: Bad integer for item 1 in list input
m n p
At line 85 of file Driveryurirosen_ns1_p.f90
Fortran runtime error: Bad integer for item 1 in list input
m n p
At line 85 of file Driveryurirosen_ns1_p.f90
Fortran runtime error: Bad integer for item 1 in list input
m n p
At line 85 of file Driveryurirosen_ns1_p.f90
Fortran runtime error: Bad integer for item 1 in list input
m n p
At line 85 of file Driveryurirosen_ns1_p.f90
Fortran runtime error: Bad integer for item 1 in list input
m n p
At line 85 of file Driveryurirosen_ns1_p.f90
Fortran runtime error: Bad integer for item 1 in list input
m n p
At line 85 of file Driveryurirosen_ns1_p.f90
Fortran runtime error: Bad integer for item 1 in list input
m n p
At line 85 of file Driveryurirosen_ns1_p.f90
Fortran runtime error: Bad integer for item 1 in list input
m n p
At line 85 of file Driveryurirosen_ns1_p.f90
Fortran runtime error: Bad integer for item 1 in list input
10000
[yo@neonlight lbfgsfortran]$ ./runall.sh
5 2 1
  Positive dir derivative in projection 
  Using the backtracking step 
  ascent direction in projection gd =    0.0000000000000000     
 Final X=
   8.6603D-01  5.0000D-01
 final results run:           5           2   1.0000000000000000               44        1233   4.4872981077808943E-003   3.3971143170299740        0.0000000000000000      CONVERGENCE: REL_REDUCTION_OF_F_<=_FACTR*EPSMCH             
10 2 1
  Positive dir derivative in projection 
  Using the backtracking step 
  Positive dir derivative in projection 
  Using the backtracking step 
 final results run:          10           2   1.0000000000000000               41        1270   4.4872981077808943E-003   3.3971143170299740        0.0000000000000000      CONVERGENCE: REL_REDUCTION_OF_F_<=_FACTR*EPSMCH             
20 2 1
  Positive dir derivative in projection 
  Using the backtracking step 
  Positive dir derivative in projection 
  Using the backtracking step 
 final results run:          20           2   1.0000000000000000               40        1380   4.4872981077806800E-003   3.5310889132455352        3.3330000005662441E-003 CONVERGENCE: REL_REDUCTION_OF_F_<=_FACTR*EPSMCH             
5 2 1.1
  Positive dir derivative in projection 
  Using the backtracking step 
  ascent direction in projection gd =    0.0000000000000000     
 Final X=
   8.6603D-01  5.0000D-01
 final results run:           5           2   1.1000000000000001               44        1233   4.4872981077808943E-003   3.3971143170299740        0.0000000000000000      CONVERGENCE: REL_REDUCTION_OF_F_<=_FACTR*EPSMCH             
10 2 1.1
  Positive dir derivative in projection 
  Using the backtracking step 
  Positive dir derivative in projection 
  Using the backtracking step 
 final results run:          10           2   1.1000000000000001               41        1270   4.4872981077808943E-003   3.3971143170299740        0.0000000000000000      CONVERGENCE: REL_REDUCTION_OF_F_<=_FACTR*EPSMCH             
20 2 1.1
  Positive dir derivative in projection 
  Using the backtracking step 
  Positive dir derivative in projection 
  Using the backtracking step 
 final results run:          20           2   1.1000000000000001               40        1380   4.4872981077806800E-003   3.5310889132455352        3.3330000005662441E-003 CONVERGENCE: REL_REDUCTION_OF_F_<=_FACTR*EPSMCH             
5 2 1.25
  Positive dir derivative in projection 
  Using the backtracking step 
  ascent direction in projection gd =    0.0000000000000000     
 Final X=
   8.6603D-01  5.0000D-01
 final results run:           5           2   1.2500000000000000               44        1233   4.4872981077808943E-003   3.3971143170299740        0.0000000000000000      CONVERGENCE: REL_REDUCTION_OF_F_<=_FACTR*EPSMCH             
10 2 1.25
  Positive dir derivative in projection 
  Using the backtracking step 
  Positive dir derivative in projection 
  Using the backtracking step 
 final results run:          10           2   1.2500000000000000               41        1270   4.4872981077808943E-003   3.3971143170299740        0.0000000000000000      CONVERGENCE: REL_REDUCTION_OF_F_<=_FACTR*EPSMCH             
20 2 1.25
  Positive dir derivative in projection 
  Using the backtracking step 
  Positive dir derivative in projection 
  Using the backtracking step 
 final results run:          20           2   1.2500000000000000               40        1380   4.4872981077806800E-003   3.5310889132455352        3.3330000005662441E-003 CONVERGENCE: REL_REDUCTION_OF_F_<=_FACTR*EPSMCH             
5 2 1.5
  Positive dir derivative in projection 
  Using the backtracking step 
  ascent direction in projection gd =    0.0000000000000000     
 Final X=
   8.6603D-01  5.0000D-01
 final results run:           5           2   1.5000000000000000               44        1233   4.4872981077808943E-003   3.3971143170299740        0.0000000000000000      CONVERGENCE: REL_REDUCTION_OF_F_<=_FACTR*EPSMCH             
10 2 1.5
  Positive dir derivative in projection 
  Using the backtracking step 
  Positive dir derivative in projection 
  Using the backtracking step 
 final results run:          10           2   1.5000000000000000               41        1270   4.4872981077808943E-003   3.3971143170299740        0.0000000000000000      CONVERGENCE: REL_REDUCTION_OF_F_<=_FACTR*EPSMCH             
20 2 1.5
  Positive dir derivative in projection 
  Using the backtracking step 
  Positive dir derivative in projection 
  Using the backtracking step 
 final results run:          20           2   1.5000000000000000               40        1380   4.4872981077806800E-003   3.5310889132455352        3.3330000005662441E-003 CONVERGENCE: REL_REDUCTION_OF_F_<=_FACTR*EPSMCH             
5 2 1.75
  Positive dir derivative in projection 
  Using the backtracking step 
  ascent direction in projection gd =    0.0000000000000000     
 Final X=
   8.6603D-01  5.0000D-01
 final results run:           5           2   1.7500000000000000               44        1233   4.4872981077808943E-003   3.3971143170299740        0.0000000000000000      CONVERGENCE: REL_REDUCTION_OF_F_<=_FACTR*EPSMCH             
10 2 1.75
  Positive dir derivative in projection 
  Using the backtracking step 
  Positive dir derivative in projection 
  Using the backtracking step 
 final results run:          10           2   1.7500000000000000               41        1270   4.4872981077808943E-003   3.3971143170299740        0.0000000000000000      CONVERGENCE: REL_REDUCTION_OF_F_<=_FACTR*EPSMCH             
20 2 1.75
  Positive dir derivative in projection 
  Using the backtracking step 
  Positive dir derivative in projection 
  Using the backtracking step 
 final results run:          20           2   1.7500000000000000               40        1380   4.4872981077806800E-003   3.5310889132455352        3.3330000005662441E-003 CONVERGENCE: REL_REDUCTION_OF_F_<=_FACTR*EPSMCH             
5 2 2
  Positive dir derivative in projection 
  Using the backtracking step 
  ascent direction in projection gd =    0.0000000000000000     
 Final X=
   8.6603D-01  5.0000D-01
 final results run:           5           2   2.0000000000000000               44        1233   4.4872981077808943E-003   3.3971143170299740        0.0000000000000000      CONVERGENCE: REL_REDUCTION_OF_F_<=_FACTR*EPSMCH             
10 2 2
  Positive dir derivative in projection 
  Using the backtracking step 
  Positive dir derivative in projection 
  Using the backtracking step 
 final results run:          10           2   2.0000000000000000               41        1270   4.4872981077808943E-003   3.3971143170299740        0.0000000000000000      CONVERGENCE: REL_REDUCTION_OF_F_<=_FACTR*EPSMCH             
20 2 2
  Positive dir derivative in projection 
  Using the backtracking step 
  Positive dir derivative in projection 
  Using the backtracking step 
 final results run:          20           2   2.0000000000000000               40        1380   4.4872981077806800E-003   3.5310889132455352        3.3330000005662441E-003 CONVERGENCE: REL_REDUCTION_OF_F_<=_FACTR*EPSMCH             
5 4 1
  Positive dir derivative in projection 
  Using the backtracking step 
 final results run:           5           4   1.0000000000000000               91         292   1.2115940792943287        3.3971143170299740        0.0000000000000000      CONVERGENCE: REL_REDUCTION_OF_F_<=_FACTR*EPSMCH             
10 4 1
  Positive dir derivative in projection 
  Using the backtracking step 
 final results run:          10           4   1.0000000000000000               86         256   1.2115940792943305        3.3971143170299740        0.0000000000000000      CONVERGENCE: REL_REDUCTION_OF_F_<=_FACTR*EPSMCH             
20 4 1
  Positive dir derivative in projection 
  Using the backtracking step 
 final results run:          20           4   1.0000000000000000               82         291   1.2115940792943287        3.3971143170299740        6.6660000011324883E-003 CONVERGENCE: REL_REDUCTION_OF_F_<=_FACTR*EPSMCH             
5 4 1.1
  Positive dir derivative in projection 
  Using the backtracking step 
 final results run:           5           4   1.1000000000000001               91         292   1.2115940792943287        3.3971143170299740        0.0000000000000000      CONVERGENCE: REL_REDUCTION_OF_F_<=_FACTR*EPSMCH             
10 4 1.1
  Positive dir derivative in projection 
  Using the backtracking step 
 final results run:          10           4   1.1000000000000001               86         256   1.2115940792943305        3.3971143170299740        3.3330000005662441E-003 CONVERGENCE: REL_REDUCTION_OF_F_<=_FACTR*EPSMCH             
20 4 1.1
  Positive dir derivative in projection 
  Using the backtracking step 
 final results run:          20           4   1.1000000000000001               82         291   1.2115940792943287        3.3971143170299740        6.6660000011324883E-003 CONVERGENCE: REL_REDUCTION_OF_F_<=_FACTR*EPSMCH             
5 4 1.25
  Positive dir derivative in projection 
  Using the backtracking step 
 final results run:           5           4   1.2500000000000000               91         292   1.2115940792943287        3.3971143170299740        0.0000000000000000      CONVERGENCE: REL_REDUCTION_OF_F_<=_FACTR*EPSMCH             
10 4 1.25
  Positive dir derivative in projection 
  Using the backtracking step 
 final results run:          10           4   1.2500000000000000               86         256   1.2115940792943305        3.3971143170299740        0.0000000000000000      CONVERGENCE: REL_REDUCTION_OF_F_<=_FACTR*EPSMCH             
20 4 1.25
  Positive dir derivative in projection 
  Using the backtracking step 
 final results run:          20           4   1.2500000000000000               82         291   1.2115940792943287        3.3971143170299740        6.6660000011324883E-003 CONVERGENCE: REL_REDUCTION_OF_F_<=_FACTR*EPSMCH             
5 4 1.5
  Positive dir derivative in projection 
  Using the backtracking step 
 final results run:           5           4   1.5000000000000000               91         292   1.2115940792943287        3.3971143170299740        0.0000000000000000      CONVERGENCE: REL_REDUCTION_OF_F_<=_FACTR*EPSMCH             
10 4 1.5
  Positive dir derivative in projection 
  Using the backtracking step 
 final results run:          10           4   1.5000000000000000               86         256   1.2115940792943305        3.3971143170299740        0.0000000000000000      CONVERGENCE: REL_REDUCTION_OF_F_<=_FACTR*EPSMCH             
20 4 1.5
  Positive dir derivative in projection 
  Using the backtracking step 
 final results run:          20           4   1.5000000000000000               82         291   1.2115940792943287        3.3971143170299740        6.6660000011324883E-003 CONVERGENCE: REL_REDUCTION_OF_F_<=_FACTR*EPSMCH             
5 4 1.75
  Positive dir derivative in projection 
  Using the backtracking step 
 final results run:           5           4   1.7500000000000000               91         292   1.2115940792943287        3.3971143170299740        0.0000000000000000      CONVERGENCE: REL_REDUCTION_OF_F_<=_FACTR*EPSMCH             
10 4 1.75
  Positive dir derivative in projection 
  Using the backtracking step 
 final results run:          10           4   1.7500000000000000               86         256   1.2115940792943305        3.3971143170299740        0.0000000000000000      CONVERGENCE: REL_REDUCTION_OF_F_<=_FACTR*EPSMCH             
20 4 1.75
  Positive dir derivative in projection 
  Using the backtracking step 
 final results run:          20           4   1.7500000000000000               82         291   1.2115940792943287        3.3971143170299740        6.6660000011324883E-003 CONVERGENCE: REL_REDUCTION_OF_F_<=_FACTR*EPSMCH             
5 4 2
  Positive dir derivative in projection 
  Using the backtracking step 
 final results run:           5           4   2.0000000000000000               91         292   1.2115940792943287        3.3971143170299740        0.0000000000000000      CONVERGENCE: REL_REDUCTION_OF_F_<=_FACTR*EPSMCH             
10 4 2
  Positive dir derivative in projection 
  Using the backtracking step 
 final results run:          10           4   2.0000000000000000               86         256   1.2115940792943305        3.3971143170299740        3.3330000005662441E-003 CONVERGENCE: REL_REDUCTION_OF_F_<=_FACTR*EPSMCH             
20 4 2
  Positive dir derivative in projection 
  Using the backtracking step 
 final results run:          20           4   2.0000000000000000               82         291   1.2115940792943287        3.3971143170299740        6.6660000011324883E-003 CONVERGENCE: REL_REDUCTION_OF_F_<=_FACTR*EPSMCH             
5 6 1
 final results run:           5           6   1.0000000000000000               65         164   2.6075329369965754        4.4641016151377562        0.0000000000000000      CONVERGENCE: REL_REDUCTION_OF_F_<=_FACTR*EPSMCH             
10 6 1
 final results run:          10           6   1.0000000000000000               67         174   2.6074880419066622        3.5310889132455272        0.0000000000000000      CONVERGENCE: REL_REDUCTION_OF_F_<=_FACTR*EPSMCH             
20 6 1
  Positive dir derivative in projection 
  Using the backtracking step 
 final results run:          20           6   1.0000000000000000              128         447   2.5776194830787698        4.4641016151377553        1.3333000242710114E-002 CONVERGENCE: REL_REDUCTION_OF_F_<=_FACTR*EPSMCH             
5 6 1.1
 final results run:           5           6   1.1000000000000001               65         164   2.6075329369965754        4.4641016151377562        0.0000000000000000      CONVERGENCE: REL_REDUCTION_OF_F_<=_FACTR*EPSMCH             
10 6 1.1
 final results run:          10           6   1.1000000000000001               67         174   2.6074880419066622        3.5310889132455272        0.0000000000000000      CONVERGENCE: REL_REDUCTION_OF_F_<=_FACTR*EPSMCH             
20 6 1.1
  Positive dir derivative in projection 
  Using the backtracking step 
 final results run:          20           6   1.1000000000000001              128         447   2.5776194830787698        4.4641016151377553        1.3333000242710114E-002 CONVERGENCE: REL_REDUCTION_OF_F_<=_FACTR*EPSMCH             
5 6 1.25
 final results run:           5           6   1.2500000000000000               65         164   2.6075329369965754        4.4641016151377562        0.0000000000000000      CONVERGENCE: REL_REDUCTION_OF_F_<=_FACTR*EPSMCH             
10 6 1.25
 final results run:          10           6   1.2500000000000000               67         174   2.6074880419066622        3.5310889132455272        0.0000000000000000      CONVERGENCE: REL_REDUCTION_OF_F_<=_FACTR*EPSMCH             
20 6 1.25
  Positive dir derivative in projection 
  Using the backtracking step 
 final results run:          20           6   1.2500000000000000              128         447   2.5776194830787698        4.4641016151377553        1.3333000242710114E-002 CONVERGENCE: REL_REDUCTION_OF_F_<=_FACTR*EPSMCH             
5 6 1.5
 final results run:           5           6   1.5000000000000000               65         164   2.6075329369965754        4.4641016151377562        0.0000000000000000      CONVERGENCE: REL_REDUCTION_OF_F_<=_FACTR*EPSMCH             
10 6 1.5
 final results run:          10           6   1.5000000000000000               67         174   2.6074880419066622        3.5310889132455272        0.0000000000000000      CONVERGENCE: REL_REDUCTION_OF_F_<=_FACTR*EPSMCH             
20 6 1.5
  Positive dir derivative in projection 
  Using the backtracking step 
 final results run:          20           6   1.5000000000000000              128         447   2.5776194830787698        4.4641016151377553        1.3332000002264977E-002 CONVERGENCE: REL_REDUCTION_OF_F_<=_FACTR*EPSMCH             
5 6 1.75
 final results run:           5           6   1.7500000000000000               65         164   2.6075329369965754        4.4641016151377562        0.0000000000000000      CONVERGENCE: REL_REDUCTION_OF_F_<=_FACTR*EPSMCH             
10 6 1.75
 final results run:          10           6   1.7500000000000000               67         174   2.6074880419066622        3.5310889132455272        0.0000000000000000      CONVERGENCE: REL_REDUCTION_OF_F_<=_FACTR*EPSMCH             
20 6 1.75
  Positive dir derivative in projection 
  Using the backtracking step 
 final results run:          20           6   1.7500000000000000              128         447   2.5776194830787698        4.4641016151377553        1.3333000242710114E-002 CONVERGENCE: REL_REDUCTION_OF_F_<=_FACTR*EPSMCH             
5 6 2
 final results run:           5           6   2.0000000000000000               65         164   2.6075329369965754        4.4641016151377562        0.0000000000000000      CONVERGENCE: REL_REDUCTION_OF_F_<=_FACTR*EPSMCH             
10 6 2
 final results run:          10           6   2.0000000000000000               67         174   2.6074880419066622        3.5310889132455272        0.0000000000000000      CONVERGENCE: REL_REDUCTION_OF_F_<=_FACTR*EPSMCH             
20 6 2
  Positive dir derivative in projection 
  Using the backtracking step 
 final results run:          20           6   2.0000000000000000              128         447   2.5776194830787698        4.4641016151377553        1.3333000242710114E-002 CONVERGENCE: REL_REDUCTION_OF_F_<=_FACTR*EPSMCH             
5 8 1
 final results run:           5           8   1.0000000000000000               72         182   3.9970493078032576        4.0420448085063896        0.0000000000000000      CONVERGENCE: REL_REDUCTION_OF_F_<=_FACTR*EPSMCH             
10 8 1
  Positive dir derivative in projection 
  Using the backtracking step 
 final results run:          10           8   1.0000000000000000               74         273   3.9436448868632090        4.4641016151377553        3.3330000005662441E-003 CONVERGENCE: REL_REDUCTION_OF_F_<=_FACTR*EPSMCH             
20 8 1
  Positive dir derivative in projection 
  Using the backtracking step 
 final results run:          20           8   1.0000000000000000              114         381   3.9436448868632068        4.4641016151377553        1.3333000242710114E-002 CONVERGENCE: REL_REDUCTION_OF_F_<=_FACTR*EPSMCH             
5 8 1.1
 final results run:           5           8   1.1000000000000001               72         182   3.9970493078032576        4.0420448085063896        0.0000000000000000      CONVERGENCE: REL_REDUCTION_OF_F_<=_FACTR*EPSMCH             
10 8 1.1
  Positive dir derivative in projection 
  Using the backtracking step 
 final results run:          10           8   1.1000000000000001               74         273   3.9436448868632090        4.4641016151377553        3.3330000005662441E-003 CONVERGENCE: REL_REDUCTION_OF_F_<=_FACTR*EPSMCH             
20 8 1.1
  Positive dir derivative in projection 
  Using the backtracking step 
 final results run:          20           8   1.1000000000000001              114         381   3.9436448868632068        4.4641016151377553        1.3333000242710114E-002 CONVERGENCE: REL_REDUCTION_OF_F_<=_FACTR*EPSMCH             
5 8 1.25
 final results run:           5           8   1.2500000000000000               72         182   3.9970493078032576        4.0420448085063896        0.0000000000000000      CONVERGENCE: REL_REDUCTION_OF_F_<=_FACTR*EPSMCH             
10 8 1.25
  Positive dir derivative in projection 
  Using the backtracking step 
 final results run:          10           8   1.2500000000000000               74         273   3.9436448868632090        4.4641016151377553        3.3330000005662441E-003 CONVERGENCE: REL_REDUCTION_OF_F_<=_FACTR*EPSMCH             
20 8 1.25
  Positive dir derivative in projection 
  Using the backtracking step 
 final results run:          20           8   1.2500000000000000              114         381   3.9436448868632068        4.4641016151377553        9.9989995360374451E-003 CONVERGENCE: REL_REDUCTION_OF_F_<=_FACTR*EPSMCH             
5 8 1.5
 final results run:           5           8   1.5000000000000000               72         182   3.9970493078032576        4.0420448085063896        0.0000000000000000      CONVERGENCE: REL_REDUCTION_OF_F_<=_FACTR*EPSMCH             
10 8 1.5
  Positive dir derivative in projection 
  Using the backtracking step 
 final results run:          10           8   1.5000000000000000               74         273   3.9436448868632090        4.4641016151377553        3.3330000005662441E-003 CONVERGENCE: REL_REDUCTION_OF_F_<=_FACTR*EPSMCH             
20 8 1.5
  Positive dir derivative in projection 
  Using the backtracking step 
 final results run:          20           8   1.5000000000000000              114         381   3.9436448868632068        4.4641016151377553        9.9989995360374451E-003 CONVERGENCE: REL_REDUCTION_OF_F_<=_FACTR*EPSMCH             
5 8 1.75
 final results run:           5           8   1.7500000000000000               72         182   3.9970493078032576        4.0420448085063896        0.0000000000000000      CONVERGENCE: REL_REDUCTION_OF_F_<=_FACTR*EPSMCH             
10 8 1.75
  Positive dir derivative in projection 
  Using the backtracking step 
 final results run:          10           8   1.7500000000000000               74         273   3.9436448868632090        4.4641016151377553        3.3330000005662441E-003 CONVERGENCE: REL_REDUCTION_OF_F_<=_FACTR*EPSMCH             
20 8 1.75
  Positive dir derivative in projection 
  Using the backtracking step 
 final results run:          20           8   1.7500000000000000              114         381   3.9436448868632068        4.4641016151377553        1.3333000242710114E-002 CONVERGENCE: REL_REDUCTION_OF_F_<=_FACTR*EPSMCH             
5 8 2
 final results run:           5           8   2.0000000000000000               72         182   3.9970493078032576        4.0420448085063896        0.0000000000000000      CONVERGENCE: REL_REDUCTION_OF_F_<=_FACTR*EPSMCH             
10 8 2
  Positive dir derivative in projection 
  Using the backtracking step 
 final results run:          10           8   2.0000000000000000               74         273   3.9436448868632090        4.4641016151377553        0.0000000000000000      CONVERGENCE: REL_REDUCTION_OF_F_<=_FACTR*EPSMCH             
20 8 2
  Positive dir derivative in projection 
  Using the backtracking step 
 final results run:          20           8   2.0000000000000000              114         381   3.9436448868632068        4.4641016151377553        1.3333000242710114E-002 CONVERGENCE: REL_REDUCTION_OF_F_<=_FACTR*EPSMCH             
5 10 1
  ascent direction in projection gd =    4.1282363422783298E-016
 Final X=
   8.6603D-01  5.0000D-01  8.6603D-01  5.0000D-01  8.6603D-01  5.0000D-01
   8.6603D-01  5.0000D-01  7.6135D-01  1.5930D-01
 final results run:           5          10   1.0000000000000000               73         268   5.3639124173537711        4.4641016151377553        0.0000000000000000      CONVERGENCE: REL_REDUCTION_OF_F_<=_FACTR*EPSMCH             
10 10 1
  Positive dir derivative in projection 
  Using the backtracking step 
 final results run:          10          10   1.0000000000000000              131        1529   5.3096702906476470        3.3971143170299767        6.6660000011324883E-003 CONVERGENCE: REL_REDUCTION_OF_F_<=_FACTR*EPSMCH             
20 10 1
  Positive dir derivative in projection 
  Using the backtracking step 
 final results run:          20          10   1.0000000000000000              103         458   5.3096702906476505        4.4641016151377553        1.6666000708937645E-002 CONVERGENCE: REL_REDUCTION_OF_F_<=_FACTR*EPSMCH             
5 10 1.1
  ascent direction in projection gd =    4.1282363422783298E-016
 Final X=
   8.6603D-01  5.0000D-01  8.6603D-01  5.0000D-01  8.6603D-01  5.0000D-01
   8.6603D-01  5.0000D-01  7.6135D-01  1.5930D-01
 final results run:           5          10   1.1000000000000001               73         268   5.3639124173537711        4.4641016151377553        0.0000000000000000      CONVERGENCE: REL_REDUCTION_OF_F_<=_FACTR*EPSMCH             
10 10 1.1
  Positive dir derivative in projection 
  Using the backtracking step 
 final results run:          10          10   1.1000000000000001              131        1529   5.3096702906476470        3.3971143170299767        6.6660000011324883E-003 CONVERGENCE: REL_REDUCTION_OF_F_<=_FACTR*EPSMCH             
20 10 1.1
  Positive dir derivative in projection 
  Using the backtracking step 
 final results run:          20          10   1.1000000000000001              103         458   5.3096702906476505        4.4641016151377553        1.3332000002264977E-002 CONVERGENCE: REL_REDUCTION_OF_F_<=_FACTR*EPSMCH             
5 10 1.25
  ascent direction in projection gd =    4.1282363422783298E-016
 Final X=
   8.6603D-01  5.0000D-01  8.6603D-01  5.0000D-01  8.6603D-01  5.0000D-01
   8.6603D-01  5.0000D-01  7.6135D-01  1.5930D-01
 final results run:           5          10   1.2500000000000000               73         268   5.3639124173537711        4.4641016151377553        0.0000000000000000      CONVERGENCE: REL_REDUCTION_OF_F_<=_FACTR*EPSMCH             
10 10 1.25
  Positive dir derivative in projection 
  Using the backtracking step 
 final results run:          10          10   1.2500000000000000              131        1529   5.3096702906476470        3.3971143170299767        6.6660000011324883E-003 CONVERGENCE: REL_REDUCTION_OF_F_<=_FACTR*EPSMCH             
20 10 1.25
  Positive dir derivative in projection 
  Using the backtracking step 
 final results run:          20          10   1.2500000000000000              103         458   5.3096702906476505        4.4641016151377553        9.9989995360374451E-003 CONVERGENCE: REL_REDUCTION_OF_F_<=_FACTR*EPSMCH             
5 10 1.5
  ascent direction in projection gd =    4.1282363422783298E-016
 Final X=
   8.6603D-01  5.0000D-01  8.6603D-01  5.0000D-01  8.6603D-01  5.0000D-01
   8.6603D-01  5.0000D-01  7.6135D-01  1.5930D-01
 final results run:           5          10   1.5000000000000000               73         268   5.3639124173537711        4.4641016151377553        0.0000000000000000      CONVERGENCE: REL_REDUCTION_OF_F_<=_FACTR*EPSMCH             
10 10 1.5
  Positive dir derivative in projection 
  Using the backtracking step 
 final results run:          10          10   1.5000000000000000              131        1529   5.3096702906476470        3.3971143170299767        6.6660000011324883E-003 CONVERGENCE: REL_REDUCTION_OF_F_<=_FACTR*EPSMCH             
20 10 1.5
  Positive dir derivative in projection 
  Using the backtracking step 
 final results run:          20          10   1.5000000000000000              103         458   5.3096702906476505        4.4641016151377553        1.3333000242710114E-002 CONVERGENCE: REL_REDUCTION_OF_F_<=_FACTR*EPSMCH             
5 10 1.75
  ascent direction in projection gd =    4.1282363422783298E-016
 Final X=
   8.6603D-01  5.0000D-01  8.6603D-01  5.0000D-01  8.6603D-01  5.0000D-01
   8.6603D-01  5.0000D-01  7.6135D-01  1.5930D-01
 final results run:           5          10   1.7500000000000000               73         268   5.3639124173537711        4.4641016151377553        0.0000000000000000      CONVERGENCE: REL_REDUCTION_OF_F_<=_FACTR*EPSMCH             
10 10 1.75
  Positive dir derivative in projection 
  Using the backtracking step 
 final results run:          10          10   1.7500000000000000              131        1529   5.3096702906476470        3.3971143170299767        6.6660000011324883E-003 CONVERGENCE: REL_REDUCTION_OF_F_<=_FACTR*EPSMCH             
20 10 1.75
  Positive dir derivative in projection 
  Using the backtracking step 
 final results run:          20          10   1.7500000000000000              103         458   5.3096702906476505        4.4641016151377553        9.9989995360374451E-003 CONVERGENCE: REL_REDUCTION_OF_F_<=_FACTR*EPSMCH             
5 10 2
  ascent direction in projection gd =    4.1282363422783298E-016
 Final X=
   8.6603D-01  5.0000D-01  8.6603D-01  5.0000D-01  8.6603D-01  5.0000D-01
   8.6603D-01  5.0000D-01  7.6135D-01  1.5930D-01
 final results run:           5          10   2.0000000000000000               73         268   5.3639124173537711        4.4641016151377553        0.0000000000000000      CONVERGENCE: REL_REDUCTION_OF_F_<=_FACTR*EPSMCH             
10 10 2
  Positive dir derivative in projection 
  Using the backtracking step 
 final results run:          10          10   2.0000000000000000              131        1529   5.3096702906476470        3.3971143170299767        6.6660000011324883E-003 CONVERGENCE: REL_REDUCTION_OF_F_<=_FACTR*EPSMCH             
20 10 2
  Positive dir derivative in projection 
  Using the backtracking step 
 final results run:          20          10   2.0000000000000000              103         458   5.3096702906476505        4.4641016151377553        1.6666000708937645E-002 CONVERGENCE: REL_REDUCTION_OF_F_<=_FACTR*EPSMCH             
5 20 1
  Positive dir derivative in projection 
  Using the backtracking step 
  Positive dir derivative in projection 
  Using the backtracking step 
  Positive dir derivative in projection 
  Using the backtracking step 
  Positive dir derivative in projection 
  Using the backtracking step 
 final results run:           5          20   1.0000000000000000              190         676   10.897989137740858        3.3971143170299762        3.3330000005662441E-003 CONVERGENCE: REL_REDUCTION_OF_F_<=_FACTR*EPSMCH             
10 20 1
 final results run:          10          20   1.0000000000000000               70         199   12.187251291256498        4.0182430514928065        3.3330000005662441E-003 CONVERGENCE: REL_REDUCTION_OF_F_<=_FACTR*EPSMCH             
20 20 1
  Positive dir derivative in projection 
  Using the backtracking step 
 final results run:          20          20   1.0000000000000000              436        2188   12.139797309569843        3.8284271247461952        2.6666000485420227E-002 CONVERGENCE: REL_REDUCTION_OF_F_<=_FACTR*EPSMCH             
5 20 1.1
  Positive dir derivative in projection 
  Using the backtracking step 
  Positive dir derivative in projection 
  Using the backtracking step 
  Positive dir derivative in projection 
  Using the backtracking step 
  Positive dir derivative in projection 
  Using the backtracking step 
 final results run:           5          20   1.1000000000000001              190         676   10.897989137740858        3.3971143170299762        3.3330000005662441E-003 CONVERGENCE: REL_REDUCTION_OF_F_<=_FACTR*EPSMCH             
10 20 1.1
 final results run:          10          20   1.1000000000000001               70         199   12.187251291256498        4.0182430514928065        3.3330000005662441E-003 CONVERGENCE: REL_REDUCTION_OF_F_<=_FACTR*EPSMCH             
20 20 1.1
  Positive dir derivative in projection 
  Using the backtracking step 
 final results run:          20          20   1.1000000000000001              436        2188   12.139797309569843        3.8284271247461952        2.6666000485420227E-002 CONVERGENCE: REL_REDUCTION_OF_F_<=_FACTR*EPSMCH             
5 20 1.25
  Positive dir derivative in projection 
  Using the backtracking step 
  Positive dir derivative in projection 
  Using the backtracking step 
  Positive dir derivative in projection 
  Using the backtracking step 
  Positive dir derivative in projection 
  Using the backtracking step 
 final results run:           5          20   1.2500000000000000              190         676   10.897989137740858        3.3971143170299762        3.3330000005662441E-003 CONVERGENCE: REL_REDUCTION_OF_F_<=_FACTR*EPSMCH             
10 20 1.25
 final results run:          10          20   1.2500000000000000               70         199   12.187251291256498        4.0182430514928065        3.3330000005662441E-003 CONVERGENCE: REL_REDUCTION_OF_F_<=_FACTR*EPSMCH             
20 20 1.25
  Positive dir derivative in projection 
  Using the backtracking step 
 final results run:          20          20   1.2500000000000000              436        2188   12.139797309569843        3.8284271247461952        2.6666000485420227E-002 CONVERGENCE: REL_REDUCTION_OF_F_<=_FACTR*EPSMCH             
5 20 1.5
  Positive dir derivative in projection 
  Using the backtracking step 
  Positive dir derivative in projection 
  Using the backtracking step 
  Positive dir derivative in projection 
  Using the backtracking step 
  Positive dir derivative in projection 
  Using the backtracking step 
 final results run:           5          20   1.5000000000000000              190         676   10.897989137740858        3.3971143170299762        3.3330000005662441E-003 CONVERGENCE: REL_REDUCTION_OF_F_<=_FACTR*EPSMCH             
10 20 1.5
 final results run:          10          20   1.5000000000000000               70         199   12.187251291256498        4.0182430514928065        3.3330000005662441E-003 CONVERGENCE: REL_REDUCTION_OF_F_<=_FACTR*EPSMCH             
20 20 1.5
  Positive dir derivative in projection 
  Using the backtracking step 
 final results run:          20          20   1.5000000000000000              436        2188   12.139797309569843        3.8284271247461952        2.9998999089002609E-002 CONVERGENCE: REL_REDUCTION_OF_F_<=_FACTR*EPSMCH             
5 20 1.75
  Positive dir derivative in projection 
  Using the backtracking step 
  Positive dir derivative in projection 
  Using the backtracking step 
  Positive dir derivative in projection 
  Using the backtracking step 
  Positive dir derivative in projection 
  Using the backtracking step 
 final results run:           5          20   1.7500000000000000              190         676   10.897989137740858        3.3971143170299762        3.3330000005662441E-003 CONVERGENCE: REL_REDUCTION_OF_F_<=_FACTR*EPSMCH             
10 20 1.75
 final results run:          10          20   1.7500000000000000               70         199   12.187251291256498        4.0182430514928065        3.3330000005662441E-003 CONVERGENCE: REL_REDUCTION_OF_F_<=_FACTR*EPSMCH             
20 20 1.75
  Positive dir derivative in projection 
  Using the backtracking step 
 final results run:          20          20   1.7500000000000000              436        2188   12.139797309569843        3.8284271247461952        3.3332999795675278E-002 CONVERGENCE: REL_REDUCTION_OF_F_<=_FACTR*EPSMCH             
5 20 2
  Positive dir derivative in projection 
  Using the backtracking step 
  Positive dir derivative in projection 
  Using the backtracking step 
  Positive dir derivative in projection 
  Using the backtracking step 
  Positive dir derivative in projection 
  Using the backtracking step 
 final results run:           5          20   2.0000000000000000              190         676   10.897989137740858        3.3971143170299762        3.3330000005662441E-003 CONVERGENCE: REL_REDUCTION_OF_F_<=_FACTR*EPSMCH             
10 20 2
 final results run:          10          20   2.0000000000000000               70         199   12.187251291256498        4.0182430514928065        3.3330000005662441E-003 CONVERGENCE: REL_REDUCTION_OF_F_<=_FACTR*EPSMCH             
20 20 2
  Positive dir derivative in projection 
  Using the backtracking step 
 final results run:          20          20   2.0000000000000000              436        2188   12.139797309569843        3.8284271247461952        2.6666000485420227E-002 CONVERGENCE: REL_REDUCTION_OF_F_<=_FACTR*EPSMCH             
5 50 1
 final results run:           5          50   1.0000000000000000               72        1285   32.668880920366654        3.9832373408670123        3.3330000005662441E-003 CONVERGENCE: REL_REDUCTION_OF_F_<=_FACTR*EPSMCH             
10 50 1
 final results run:          10          50   1.0000000000000000               72         178   32.669982074849756        3.5310889132454988        3.3330000005662441E-003 CONVERGENCE: REL_REDUCTION_OF_F_<=_FACTR*EPSMCH             
20 50 1
  Positive dir derivative in projection 
  Using the backtracking step 
 final results run:          20          50   1.0000000000000000              108         427   32.630178366336459        3.8284271247462183        1.6666000708937645E-002 CONVERGENCE: REL_REDUCTION_OF_F_<=_FACTR*EPSMCH             
5 50 1.1
 final results run:           5          50   1.1000000000000001               72        1285   32.668880920366654        3.9832373408670123        3.3330000005662441E-003 CONVERGENCE: REL_REDUCTION_OF_F_<=_FACTR*EPSMCH             
10 50 1.1
 final results run:          10          50   1.1000000000000001               72         178   32.669982074849756        3.5310889132454988        3.3330000005662441E-003 CONVERGENCE: REL_REDUCTION_OF_F_<=_FACTR*EPSMCH             
20 50 1.1
  Positive dir derivative in projection 
  Using the backtracking step 
 final results run:          20          50   1.1000000000000001              108         427   32.630178366336459        3.8284271247462183        1.6666000708937645E-002 CONVERGENCE: REL_REDUCTION_OF_F_<=_FACTR*EPSMCH             
5 50 1.25
 final results run:           5          50   1.2500000000000000               72        1285   32.668880920366654        3.9832373408670123        3.3330000005662441E-003 CONVERGENCE: REL_REDUCTION_OF_F_<=_FACTR*EPSMCH             
10 50 1.25
 final results run:          10          50   1.2500000000000000               72         178   32.669982074849756        3.5310889132454988        3.3330000005662441E-003 CONVERGENCE: REL_REDUCTION_OF_F_<=_FACTR*EPSMCH             
20 50 1.25
  Positive dir derivative in projection 
  Using the backtracking step 
 final results run:          20          50   1.2500000000000000              108         427   32.630178366336459        3.8284271247462183        1.6666000708937645E-002 CONVERGENCE: REL_REDUCTION_OF_F_<=_FACTR*EPSMCH             
5 50 1.5
 final results run:           5          50   1.5000000000000000               72        1285   32.668880920366654        3.9832373408670123        3.3330000005662441E-003 CONVERGENCE: REL_REDUCTION_OF_F_<=_FACTR*EPSMCH             
10 50 1.5
 final results run:          10          50   1.5000000000000000               72         178   32.669982074849756        3.5310889132454988        3.3330000005662441E-003 CONVERGENCE: REL_REDUCTION_OF_F_<=_FACTR*EPSMCH             
20 50 1.5
  Positive dir derivative in projection 
  Using the backtracking step 
 final results run:          20          50   1.5000000000000000              108         427   32.630178366336459        3.8284271247462183        1.6666000708937645E-002 CONVERGENCE: REL_REDUCTION_OF_F_<=_FACTR*EPSMCH             
5 50 1.75
 final results run:           5          50   1.7500000000000000               72        1285   32.668880920366654        3.9832373408670123        3.3330000005662441E-003 CONVERGENCE: REL_REDUCTION_OF_F_<=_FACTR*EPSMCH             
10 50 1.75
 final results run:          10          50   1.7500000000000000               72         178   32.669982074849756        3.5310889132454988        3.3330000005662441E-003 CONVERGENCE: REL_REDUCTION_OF_F_<=_FACTR*EPSMCH             
20 50 1.75
  Positive dir derivative in projection 
  Using the backtracking step 
 final results run:          20          50   1.7500000000000000              108         427   32.630178366336459        3.8284271247462183        1.6666000708937645E-002 CONVERGENCE: REL_REDUCTION_OF_F_<=_FACTR*EPSMCH             
5 50 2
 final results run:           5          50   2.0000000000000000               72        1285   32.668880920366654        3.9832373408670123        3.3330000005662441E-003 CONVERGENCE: REL_REDUCTION_OF_F_<=_FACTR*EPSMCH             
10 50 2
 final results run:          10          50   2.0000000000000000               72         178   32.669982074849756        3.5310889132454988        3.3330000005662441E-003 CONVERGENCE: REL_REDUCTION_OF_F_<=_FACTR*EPSMCH             
20 50 2
  Positive dir derivative in projection 
  Using the backtracking step 
 final results run:          20          50   2.0000000000000000              108         427   32.630178366336459        3.8284271247462183        1.6666000708937645E-002 CONVERGENCE: REL_REDUCTION_OF_F_<=_FACTR*EPSMCH             
5 100 1
  Positive dir derivative in projection 
  Using the backtracking step 
 final results run:           5         100   1.0000000000000000               96         322   66.780813460947527        3.8284271247461916        3.3330000005662441E-003 CONVERGENCE: REL_REDUCTION_OF_F_<=_FACTR*EPSMCH             
10 100 1
 final results run:          10         100   1.0000000000000000               75         246   66.780813460947485        3.3971143170299909        6.6660000011324883E-003 CONVERGENCE: REL_REDUCTION_OF_F_<=_FACTR*EPSMCH             
20 100 1
 final results run:          20         100   1.0000000000000000               71         242   66.780813460947343        3.3971143170299936        9.9989995360374451E-003 CONVERGENCE: REL_REDUCTION_OF_F_<=_FACTR*EPSMCH             
5 100 1.1
  Positive dir derivative in projection 
  Using the backtracking step 
 final results run:           5         100   1.1000000000000001               96         322   66.780813460947527        3.8284271247461916        3.3330000005662441E-003 CONVERGENCE: REL_REDUCTION_OF_F_<=_FACTR*EPSMCH             
10 100 1.1
 final results run:          10         100   1.1000000000000001               75         246   66.780813460947485        3.3971143170299909        6.6660000011324883E-003 CONVERGENCE: REL_REDUCTION_OF_F_<=_FACTR*EPSMCH             
20 100 1.1
 final results run:          20         100   1.1000000000000001               71         242   66.780813460947343        3.3971143170299936        1.3333000242710114E-002 CONVERGENCE: REL_REDUCTION_OF_F_<=_FACTR*EPSMCH             
5 100 1.25
  Positive dir derivative in projection 
  Using the backtracking step 
 final results run:           5         100   1.2500000000000000               96         322   66.780813460947527        3.8284271247461916        3.3330000005662441E-003 CONVERGENCE: REL_REDUCTION_OF_F_<=_FACTR*EPSMCH             
10 100 1.25
 final results run:          10         100   1.2500000000000000               75         246   66.780813460947485        3.3971143170299909        6.6660000011324883E-003 CONVERGENCE: REL_REDUCTION_OF_F_<=_FACTR*EPSMCH             
20 100 1.25
 final results run:          20         100   1.2500000000000000               71         242   66.780813460947343        3.3971143170299936        9.9989995360374451E-003 CONVERGENCE: REL_REDUCTION_OF_F_<=_FACTR*EPSMCH             
5 100 1.5
  Positive dir derivative in projection 
  Using the backtracking step 
 final results run:           5         100   1.5000000000000000               96         322   66.780813460947527        3.8284271247461916        3.3330000005662441E-003 CONVERGENCE: REL_REDUCTION_OF_F_<=_FACTR*EPSMCH             
10 100 1.5
 final results run:          10         100   1.5000000000000000               75         246   66.780813460947485        3.3971143170299909        6.6660000011324883E-003 CONVERGENCE: REL_REDUCTION_OF_F_<=_FACTR*EPSMCH             
20 100 1.5
 final results run:          20         100   1.5000000000000000               71         242   66.780813460947343        3.3971143170299936        1.6666000708937645E-002 CONVERGENCE: REL_REDUCTION_OF_F_<=_FACTR*EPSMCH             
5 100 1.75
  Positive dir derivative in projection 
  Using the backtracking step 
 final results run:           5         100   1.7500000000000000               96         322   66.780813460947527        3.8284271247461916        3.3330000005662441E-003 CONVERGENCE: REL_REDUCTION_OF_F_<=_FACTR*EPSMCH             
10 100 1.75
 final results run:          10         100   1.7500000000000000               75         246   66.780813460947485        3.3971143170299909        6.6660000011324883E-003 CONVERGENCE: REL_REDUCTION_OF_F_<=_FACTR*EPSMCH             
20 100 1.75
 final results run:          20         100   1.7500000000000000               71         242   66.780813460947343        3.3971143170299936        9.9989995360374451E-003 CONVERGENCE: REL_REDUCTION_OF_F_<=_FACTR*EPSMCH             
5 100 2
  Positive dir derivative in projection 
  Using the backtracking step 
 final results run:           5         100   2.0000000000000000               96         322   66.780813460947527        3.8284271247461916        3.3330000005662441E-003 CONVERGENCE: REL_REDUCTION_OF_F_<=_FACTR*EPSMCH             
10 100 2
 final results run:          10         100   2.0000000000000000               75         246   66.780813460947485        3.3971143170299909        6.6660000011324883E-003 CONVERGENCE: REL_REDUCTION_OF_F_<=_FACTR*EPSMCH             
20 100 2
 final results run:          20         100   2.0000000000000000               71         242   66.780813460947343        3.3971143170299936        9.9989995360374451E-003 CONVERGENCE: REL_REDUCTION_OF_F_<=_FACTR*EPSMCH             
5 200 1
 final results run:           5         200   1.0000000000000000               76         207   135.08454201728861        3.3971143170299833        6.6660000011324883E-003 CONVERGENCE: REL_REDUCTION_OF_F_<=_FACTR*EPSMCH             
10 200 1
  Positive dir derivative in projection 
  Using the backtracking step 
 final results run:          10         200   1.0000000000000000               93         306   135.08208365017688        3.5310889132420864        1.3333000242710114E-002 CONVERGENCE: REL_REDUCTION_OF_F_<=_FACTR*EPSMCH             
20 200 1
 final results run:          20         200   1.0000000000000000               97         351   135.08208365017092        3.8284271247464110        2.3331999778747559E-002 CONVERGENCE: REL_REDUCTION_OF_F_<=_FACTR*EPSMCH             
5 200 1.1
 final results run:           5         200   1.1000000000000001               76         207   135.08454201728861        3.3971143170299833        6.6660000011324883E-003 CONVERGENCE: REL_REDUCTION_OF_F_<=_FACTR*EPSMCH             
10 200 1.1
  Positive dir derivative in projection 
  Using the backtracking step 
 final results run:          10         200   1.1000000000000001               93         306   135.08208365017688        3.5310889132420864        1.9998999312520027E-002 CONVERGENCE: REL_REDUCTION_OF_F_<=_FACTR*EPSMCH             
20 200 1.1
 final results run:          20         200   1.1000000000000001               97         351   135.08208365017092        3.8284271247464110        2.3333000019192696E-002 CONVERGENCE: REL_REDUCTION_OF_F_<=_FACTR*EPSMCH             
5 200 1.25
 final results run:           5         200   1.2500000000000000               76         207   135.08454201728861        3.3971143170299833        6.6660000011324883E-003 CONVERGENCE: REL_REDUCTION_OF_F_<=_FACTR*EPSMCH             
10 200 1.25
  Positive dir derivative in projection 
  Using the backtracking step 
 final results run:          10         200   1.2500000000000000               93         306   135.08208365017688        3.5310889132420864        1.6666000708937645E-002 CONVERGENCE: REL_REDUCTION_OF_F_<=_FACTR*EPSMCH             
20 200 1.25
 final results run:          20         200   1.2500000000000000               97         351   135.08208365017092        3.8284271247464110        2.3333000019192696E-002 CONVERGENCE: REL_REDUCTION_OF_F_<=_FACTR*EPSMCH             
5 200 1.5
 final results run:           5         200   1.5000000000000000               76         207   135.08454201728861        3.3971143170299833        6.6660000011324883E-003 CONVERGENCE: REL_REDUCTION_OF_F_<=_FACTR*EPSMCH             
10 200 1.5
  Positive dir derivative in projection 
  Using the backtracking step 
 final results run:          10         200   1.5000000000000000               93         306   135.08208365017688        3.5310889132420864        1.3333000242710114E-002 CONVERGENCE: REL_REDUCTION_OF_F_<=_FACTR*EPSMCH             
20 200 1.5
 final results run:          20         200   1.5000000000000000               97         351   135.08208365017092        3.8284271247464110        2.9998999089002609E-002 CONVERGENCE: REL_REDUCTION_OF_F_<=_FACTR*EPSMCH             
5 200 1.75
 final results run:           5         200   1.7500000000000000               76         207   135.08454201728861        3.3971143170299833        6.6660000011324883E-003 CONVERGENCE: REL_REDUCTION_OF_F_<=_FACTR*EPSMCH             
10 200 1.75
  Positive dir derivative in projection 
  Using the backtracking step 
 final results run:          10         200   1.7500000000000000               93         306   135.08208365017688        3.5310889132420864        1.3332000002264977E-002 CONVERGENCE: REL_REDUCTION_OF_F_<=_FACTR*EPSMCH             
20 200 1.75
 final results run:          20         200   1.7500000000000000               97         351   135.08208365017092        3.8284271247464110        2.9998999089002609E-002 CONVERGENCE: REL_REDUCTION_OF_F_<=_FACTR*EPSMCH             
5 200 2
 final results run:           5         200   2.0000000000000000               76         207   135.08454201728861        3.3971143170299833        6.6660000011324883E-003 CONVERGENCE: REL_REDUCTION_OF_F_<=_FACTR*EPSMCH             
10 200 2
  Positive dir derivative in projection 
  Using the backtracking step 
 final results run:          10         200   2.0000000000000000               93         306   135.08208365017688        3.5310889132420864        1.3333000242710114E-002 CONVERGENCE: REL_REDUCTION_OF_F_<=_FACTR*EPSMCH             
20 200 2
 final results run:          20         200   2.0000000000000000               97         351   135.08208365017092        3.8284271247464110        2.3331999778747559E-002 CONVERGENCE: REL_REDUCTION_OF_F_<=_FACTR*EPSMCH             
5 1000 1
 final results run:           5        1000   1.0000000000000000              337         793   681.49224516393974        3.8284271247464203       0.10666599869728088      CONVERGENCE: REL_REDUCTION_OF_F_<=_FACTR*EPSMCH             
10 1000 1
  Positive dir derivative in projection 
  Using the backtracking step 
 final results run:          10        1000   1.0000000000000000               89         262   681.49224516394145        3.8284271247463195        4.9998998641967773E-002 CONVERGENCE: REL_REDUCTION_OF_F_<=_FACTR*EPSMCH             
20 1000 1
  Positive dir derivative in projection 
  Using the backtracking step 
 final results run:          20        1000   1.0000000000000000              119         548   681.49224516394270        4.4641016151377571       0.12333200126886368      CONVERGENCE: REL_REDUCTION_OF_F_<=_FACTR*EPSMCH             
5 1000 1.1
 final results run:           5        1000   1.1000000000000001              337         793   681.49224516393974        3.8284271247464203       0.10666599869728088      CONVERGENCE: REL_REDUCTION_OF_F_<=_FACTR*EPSMCH             
10 1000 1.1
  Positive dir derivative in projection 
  Using the backtracking step 
 final results run:          10        1000   1.1000000000000001               89         262   681.49224516394145        3.8284271247463195        4.9998998641967773E-002 CONVERGENCE: REL_REDUCTION_OF_F_<=_FACTR*EPSMCH             
20 1000 1.1
  Positive dir derivative in projection 
  Using the backtracking step 
 final results run:          20        1000   1.1000000000000001              119         548   681.49224516394270        4.4641016151377571       0.12333299964666367      CONVERGENCE: REL_REDUCTION_OF_F_<=_FACTR*EPSMCH             
5 1000 1.25
 final results run:           5        1000   1.2500000000000000              337         793   681.49224516393974        3.8284271247464203        9.9999003112316132E-002 CONVERGENCE: REL_REDUCTION_OF_F_<=_FACTR*EPSMCH             
10 1000 1.25
  Positive dir derivative in projection 
  Using the backtracking step 
 final results run:          10        1000   1.2500000000000000               89         262   681.49224516394145        3.8284271247463195        5.6666001677513123E-002 CONVERGENCE: REL_REDUCTION_OF_F_<=_FACTR*EPSMCH             
20 1000 1.25
  Positive dir derivative in projection 
  Using the backtracking step 
 final results run:          20        1000   1.2500000000000000              119         548   681.49224516394270        4.4641016151377571       0.11333200335502625      CONVERGENCE: REL_REDUCTION_OF_F_<=_FACTR*EPSMCH             
5 1000 1.5
 final results run:           5        1000   1.5000000000000000              337         793   681.49224516393974        3.8284271247464203        9.9999003112316132E-002 CONVERGENCE: REL_REDUCTION_OF_F_<=_FACTR*EPSMCH             
10 1000 1.5
  Positive dir derivative in projection 
  Using the backtracking step 
 final results run:          10        1000   1.5000000000000000               89         262   681.49224516394145        3.8284271247463195        4.9998998641967773E-002 CONVERGENCE: REL_REDUCTION_OF_F_<=_FACTR*EPSMCH             
20 1000 1.5
  Positive dir derivative in projection 
  Using the backtracking step 
 final results run:          20        1000   1.5000000000000000              119         548   681.49224516394270        4.4641016151377571       0.12333299964666367      CONVERGENCE: REL_REDUCTION_OF_F_<=_FACTR*EPSMCH             
5 1000 1.75
 final results run:           5        1000   1.7500000000000000              337         793   681.49224516393974        3.8284271247464203        9.9999003112316132E-002 CONVERGENCE: REL_REDUCTION_OF_F_<=_FACTR*EPSMCH             
10 1000 1.75
  Positive dir derivative in projection 
  Using the backtracking step 
 final results run:          10        1000   1.7500000000000000               89         262   681.49224516394145        3.8284271247463195        4.9998998641967773E-002 CONVERGENCE: REL_REDUCTION_OF_F_<=_FACTR*EPSMCH             
20 1000 1.75
  Positive dir derivative in projection 
  Using the backtracking step 
 final results run:          20        1000   1.7500000000000000              119         548   681.49224516394270        4.4641016151377571       0.12333200126886368      CONVERGENCE: REL_REDUCTION_OF_F_<=_FACTR*EPSMCH             
5 1000 2
 final results run:           5        1000   2.0000000000000000              337         793   681.49224516393974        3.8284271247464203       0.10666599869728088      CONVERGENCE: REL_REDUCTION_OF_F_<=_FACTR*EPSMCH             
10 1000 2
  Positive dir derivative in projection 
  Using the backtracking step 
 final results run:          10        1000   2.0000000000000000               89         262   681.49224516394145        3.8284271247463195        4.9998998641967773E-002 CONVERGENCE: REL_REDUCTION_OF_F_<=_FACTR*EPSMCH             
20 1000 2
  Positive dir derivative in projection 
  Using the backtracking step 
 final results run:          20        1000   2.0000000000000000              119         548   681.49224516394270        4.4641016151377571       0.11666599661111832      CONVERGENCE: REL_REDUCTION_OF_F_<=_FACTR*EPSMCH             
5 10000 1
  Positive dir derivative in projection 
  Using the backtracking step 
 final results run:           5       10000   1.0000000000000000              145         602   6827.3648928533657        4.3258513420741842       0.59666597843170166      CONVERGENCE: REL_REDUCTION_OF_F_<=_FACTR*EPSMCH             
10 10000 1
  Positive dir derivative in projection 
  Using the backtracking step 
  Positive dir derivative in projection 
  Using the backtracking step 
  Positive dir derivative in projection 
  Using the backtracking step 
  Positive dir derivative in projection 
  Using the backtracking step 
  Positive dir derivative in projection 
  Using the backtracking step 
 final results run:          10       10000   1.0000000000000000              631        1685   6827.3267833488226        4.4641016151351502        2.8633329868316650      CONVERGENCE: REL_REDUCTION_OF_F_<=_FACTR*EPSMCH             
20 10000 1
  Positive dir derivative in projection 
  Using the backtracking step 
 final results run:          20       10000   1.0000000000000000               80         252   6828.6065621938342        3.8284271247489219       0.69999897480010986      CONVERGENCE: REL_REDUCTION_OF_F_<=_FACTR*EPSMCH             
5 10000 1.1
  Positive dir derivative in projection 
  Using the backtracking step 
 final results run:           5       10000   1.1000000000000001              145         602   6827.3648928533657        4.3258513420741842       0.58999902009963989      CONVERGENCE: REL_REDUCTION_OF_F_<=_FACTR*EPSMCH             
10 10000 1.1
  Positive dir derivative in projection 
  Using the backtracking step 
  Positive dir derivative in projection 
  Using the backtracking step 
  Positive dir derivative in projection 
  Using the backtracking step 
  Positive dir derivative in projection 
  Using the backtracking step 
  Positive dir derivative in projection 
  Using the backtracking step 
 final results run:          10       10000   1.1000000000000001              631        1685   6827.3267833488226        4.4641016151351502        2.8633329868316650      CONVERGENCE: REL_REDUCTION_OF_F_<=_FACTR*EPSMCH             
20 10000 1.1
  Positive dir derivative in projection 
  Using the backtracking step 
 final results run:          20       10000   1.1000000000000001               80         252   6828.6065621938342        3.8284271247489219       0.68333202600479126      CONVERGENCE: REL_REDUCTION_OF_F_<=_FACTR*EPSMCH             
5 10000 1.25
  Positive dir derivative in projection 
  Using the backtracking step 
 final results run:           5       10000   1.2500000000000000              145         602   6827.3648928533657        4.3258513420741842       0.59333199262619019      CONVERGENCE: REL_REDUCTION_OF_F_<=_FACTR*EPSMCH             
10 10000 1.25
  Positive dir derivative in projection 
  Using the backtracking step 
  Positive dir derivative in projection 
  Using the backtracking step 
  Positive dir derivative in projection 
  Using the backtracking step 
  Positive dir derivative in projection 
  Using the backtracking step 
  Positive dir derivative in projection 
  Using the backtracking step 
 final results run:          10       10000   1.2500000000000000              631        1685   6827.3267833488226        4.4641016151351502        2.9199991226196289      CONVERGENCE: REL_REDUCTION_OF_F_<=_FACTR*EPSMCH             
20 10000 1.25
  Positive dir derivative in projection 
  Using the backtracking step 
 final results run:          20       10000   1.2500000000000000               80         252   6828.6065621938342        3.8284271247489219       0.68999898433685303      CONVERGENCE: REL_REDUCTION_OF_F_<=_FACTR*EPSMCH             
5 10000 1.5
  Positive dir derivative in projection 
  Using the backtracking step 
 final results run:           5       10000   1.5000000000000000              145         602   6827.3648928533657        4.3258513420741842       0.59333199262619019      CONVERGENCE: REL_REDUCTION_OF_F_<=_FACTR*EPSMCH             
10 10000 1.5
  Positive dir derivative in projection 
  Using the backtracking step .
  Positive dir derivative in projection 
  Using the backtracking step 
  Positive dir derivative in projection 
  Using the backtracking step 
  Positive dir derivative in projection 
  Using the backtracking step 
  Positive dir derivative in projection 
  Using the backtracking step 
 final results run:          10       10000   1.5000000000000000              631        1685   6827.3267833488226        4.4641016151351502        2.8599989414215088      CONVERGENCE: REL_REDUCTION_OF_F_<=_FACTR*EPSMCH             
20 10000 1.5
  Positive dir derivative in projection 
  Using the backtracking step 
 final results run:          20       10000   1.5000000000000000               80         252   6828.6065621938342        3.8284271247489219       0.68999898433685303      CONVERGENCE: REL_REDUCTION_OF_F_<=_FACTR*EPSMCH             
5 10000 1.75
  Positive dir derivative in projection 
  Using the backtracking step 
 final results run:           5       10000   1.7500000000000000              145         602   6827.3648928533657        4.3258513420741842       0.60999900102615356      CONVERGENCE: REL_REDUCTION_OF_F_<=_FACTR*EPSMCH             
10 10000 1.75
  Positive dir derivative in projection 
  Using the backtracking step 
  C-c C-c[yo@neonlight lbfgsfortran]$ ./runall.sh > results.txt
[yo@neonlight lbfgsfortran]$ make
gfortran -g DriverRosenbrockNonSmooth.f90 lbfgsb.f linpack.f blas.f timer.f -o rosenbrocknonsmooth
gfortran -g Driveryurirosen_ns1.f90 lbfgsb.f linpack.f blas.f timer.f -o yurirosen_ns1
gfortran -g Driveryurirosen_ns2.f90 lbfgsb.f linpack.f blas.f timer.f -o yurirosen_ns2
gfortran -g driver3.f90 lbfgsb.f linpack.f blas.f timer.f -o driver3
gfortran -g chained_CB3v1.f90 lbfgsb.f linpack.f blas.f timer.f -o chained_CB3v1
gfortran -g chained_CB3v2.f90 lbfgsb.f linpack.f blas.f timer.f -o chained_CB3v2
gfortran -g chained_crescent1.f90 lbfgsb.f linpack.f blas.f timer.f -o chained_crescent1
gfortran -g chained_crescent2.f90 lbfgsb.f linpack.f blas.f timer.f -o chained_crescent2
gfortran -g chained_LQ.f90 lbfgsb.f linpack.f blas.f timer.f -o chained_LQ
gfortran -g chained_mifflin2.f90 lbfgsb.f linpack.f blas.f timer.f -o chained_mifflin2
gfortran -g gen_brownfunc2.f90 lbfgsb.f linpack.f blas.f timer.f -o gen_brownfunc2
gfortran -g gen_maxhilb.f90 lbfgsb.f linpack.f blas.f timer.f -o gen_maxhilb
gfortran -g gen_maxq.f90 lbfgsb.f linpack.f blas.f timer.f -o gen_maxq
gfortran -g nactfaces.f90 lbfgsb.f linpack.f blas.f timer.f -o nactfaces
gfortran -g Driveryurirosen_ns1_p.f90 lbfgsb.f linpack.f blas.f timer.f -o yurirosenp
Driveryurirosen_ns1_p.f90:79.57:

  real(dp)               :: t1, t2, time1, time2, p, z, r
                                                         1
Error: Symbol 'r' at (1) already has basic type of REAL
Driveryurirosen_ns1_p.f90:91.15:

  read(arg,*) p
               1
Error: Symbol 'p' at (1) has no IMPLICIT type
Driveryurirosen_ns1_p.f90:148.21:

     call timer(time1)
                     1
Error: Symbol 'time1' at (1) has no IMPLICIT type
Driveryurirosen_ns1_p.f90:163.27:

           call timer(time2)
                           1
Error: Symbol 'time2' at (1) has no IMPLICIT type
Driveryurirosen_ns1_p.f90:207.18:

                 z=1d0+x(i+1)-2d0*x(i)**2
                  1
Error: Symbol 'z' at (1) has no IMPLICIT type
make: *** [lbfgsb_90_15] Error 1
[yo@neonlight lbfgsfortran]$ gfortran -g Driveryurirosen_ns1_p.f90 lbfgsb.f linpack.f blas.f timer.f -o yurirosenp
[yo@neonlight lbfgsfortran]$ ./yurirosenp 7 10000 1.5
 final results yurirosen run:           7       10000   1.5000000000000000               20          42   7880.8739822826865        2.2500224566096572E-004  0.15999899804592133      CONVERGENCE: REL_REDUCTION_OF_F_<=_FACTR*EPSMCH             
[yo@neonlight lbfgsfortran]$  gfortran -g Driveryurirosen_ns1_p.f90 lbfgsb.f linpack.f blas.f timer.f -o rosenbrockp
[yo@neonlight lbfgsfortran]$ ./rosenbrockp 7 10000 1.5
 final results yurirosen run:           7       10000   1.5000000000000000               20          42   7880.8739822826865        2.2500224566096572E-004  0.15333299338817596      CONVERGENCE: REL_REDUCTION_OF_F_<=_FACTR*EPSMCH             
[yo@neonlight lbfgsfortran]$  gfortran -g DriverRosenbrockp.f90 lbfgsb.f linpack.f blas.f timer.f -o rosenbrockp
[yo@neonlight lbfgsfortran]$ ./rosenbrockp 7 10000 1.5
 final results Rosenbrock run:           7       10000   1.5000000000000000              104         126   7.7922082173405877E-002   2.4238360687111540E-006   1.1966660022735596      CONVERGENCE: REL_REDUCTION_OF_F_<=_FACTR*EPSMCH             
[yo@neonlight lbfgsfortran]$ rm results.txt
[yo@neonlight lbfgsfortran]$ ./runall.sh > results.txt
[yo@neonlight lbfgsfortran]$ 